Component: ARM Compiler 5.06 update 7 (build 960) Tool: armlink [4d3601]

==============================================================================

Section Cross References

    startup_stm32f10x_md.o(RESET) refers to startup_stm32f10x_md.o(STACK) for __initial_sp
    startup_stm32f10x_md.o(RESET) refers to startup_stm32f10x_md.o(.text) for Reset_Handler
    startup_stm32f10x_md.o(RESET) refers to stm32f10x_it.o(i.NMI_Handler) for NMI_Handler
    startup_stm32f10x_md.o(RESET) refers to stm32f10x_it.o(i.HardFault_Handler) for HardFault_Handler
    startup_stm32f10x_md.o(RESET) refers to stm32f10x_it.o(i.MemManage_Handler) for MemManage_Handler
    startup_stm32f10x_md.o(RESET) refers to stm32f10x_it.o(i.BusFault_Handler) for BusFault_Handler
    startup_stm32f10x_md.o(RESET) refers to stm32f10x_it.o(i.UsageFault_Handler) for UsageFault_Handler
    startup_stm32f10x_md.o(RESET) refers to stm32f10x_it.o(i.SVC_Handler) for SVC_Handler
    startup_stm32f10x_md.o(RESET) refers to stm32f10x_it.o(i.DebugMon_Handler) for DebugMon_Handler
    startup_stm32f10x_md.o(RESET) refers to stm32f10x_it.o(i.PendSV_Handler) for PendSV_Handler
    startup_stm32f10x_md.o(RESET) refers to stm32f10x_it.o(i.SysTick_Handler) for SysTick_Handler
    startup_stm32f10x_md.o(RESET) refers to tim.o(i.TIM3_IRQHandler) for TIM3_IRQHandler
    startup_stm32f10x_md.o(RESET) refers to tim.o(i.TIM4_IRQHandler) for TIM4_IRQHandler
    startup_stm32f10x_md.o(RESET) refers to usart.o(i.USART1_IRQHandler) for USART1_IRQHandler
    startup_stm32f10x_md.o(RESET) refers to usart3.o(i.USART3_IRQHandler) for USART3_IRQHandler
    startup_stm32f10x_md.o(.text) refers to system_stm32f10x.o(i.SystemInit) for SystemInit
    startup_stm32f10x_md.o(.text) refers to entry.o(.ARM.Collect$$$$00000000) for __main
    system_stm32f10x.o(i.SetSysClock) refers to system_stm32f10x.o(i.SetSysClockTo72) for SetSysClockTo72
    system_stm32f10x.o(i.SystemCoreClockUpdate) refers to system_stm32f10x.o(.data) for SystemCoreClock
    system_stm32f10x.o(i.SystemInit) refers to system_stm32f10x.o(i.SetSysClock) for SetSysClock
    stm32f10x_adc.o(i.ADC_DeInit) refers to stm32f10x_rcc.o(i.RCC_APB2PeriphResetCmd) for RCC_APB2PeriphResetCmd
    stm32f10x_bkp.o(i.BKP_DeInit) refers to stm32f10x_rcc.o(i.RCC_BackupResetCmd) for RCC_BackupResetCmd
    stm32f10x_can.o(i.CAN_DeInit) refers to stm32f10x_rcc.o(i.RCC_APB1PeriphResetCmd) for RCC_APB1PeriphResetCmd
    stm32f10x_can.o(i.CAN_GetITStatus) refers to stm32f10x_can.o(i.CheckITStatus) for CheckITStatus
    stm32f10x_cec.o(i.CEC_DeInit) refers to stm32f10x_rcc.o(i.RCC_APB1PeriphResetCmd) for RCC_APB1PeriphResetCmd
    stm32f10x_dac.o(i.DAC_DeInit) refers to stm32f10x_rcc.o(i.RCC_APB1PeriphResetCmd) for RCC_APB1PeriphResetCmd
    stm32f10x_flash.o(i.FLASH_EnableWriteProtection) refers to stm32f10x_flash.o(i.FLASH_WaitForLastOperation) for FLASH_WaitForLastOperation
    stm32f10x_flash.o(i.FLASH_EraseAllBank1Pages) refers to stm32f10x_flash.o(i.FLASH_WaitForLastBank1Operation) for FLASH_WaitForLastBank1Operation
    stm32f10x_flash.o(i.FLASH_EraseAllPages) refers to stm32f10x_flash.o(i.FLASH_WaitForLastOperation) for FLASH_WaitForLastOperation
    stm32f10x_flash.o(i.FLASH_EraseOptionBytes) refers to stm32f10x_flash.o(i.FLASH_GetReadOutProtectionStatus) for FLASH_GetReadOutProtectionStatus
    stm32f10x_flash.o(i.FLASH_EraseOptionBytes) refers to stm32f10x_flash.o(i.FLASH_WaitForLastOperation) for FLASH_WaitForLastOperation
    stm32f10x_flash.o(i.FLASH_ErasePage) refers to stm32f10x_flash.o(i.FLASH_WaitForLastOperation) for FLASH_WaitForLastOperation
    stm32f10x_flash.o(i.FLASH_ProgramHalfWord) refers to stm32f10x_flash.o(i.FLASH_WaitForLastOperation) for FLASH_WaitForLastOperation
    stm32f10x_flash.o(i.FLASH_ProgramOptionByteData) refers to stm32f10x_flash.o(i.FLASH_WaitForLastOperation) for FLASH_WaitForLastOperation
    stm32f10x_flash.o(i.FLASH_ProgramWord) refers to stm32f10x_flash.o(i.FLASH_WaitForLastOperation) for FLASH_WaitForLastOperation
    stm32f10x_flash.o(i.FLASH_ReadOutProtection) refers to stm32f10x_flash.o(i.FLASH_WaitForLastOperation) for FLASH_WaitForLastOperation
    stm32f10x_flash.o(i.FLASH_UserOptionByteConfig) refers to stm32f10x_flash.o(i.FLASH_WaitForLastOperation) for FLASH_WaitForLastOperation
    stm32f10x_flash.o(i.FLASH_WaitForLastBank1Operation) refers to stm32f10x_flash.o(i.FLASH_GetBank1Status) for FLASH_GetBank1Status
    stm32f10x_flash.o(i.FLASH_WaitForLastOperation) refers to stm32f10x_flash.o(i.FLASH_GetBank1Status) for FLASH_GetBank1Status
    stm32f10x_gpio.o(i.GPIO_AFIODeInit) refers to stm32f10x_rcc.o(i.RCC_APB2PeriphResetCmd) for RCC_APB2PeriphResetCmd
    stm32f10x_gpio.o(i.GPIO_DeInit) refers to stm32f10x_rcc.o(i.RCC_APB2PeriphResetCmd) for RCC_APB2PeriphResetCmd
    stm32f10x_i2c.o(i.I2C_DeInit) refers to stm32f10x_rcc.o(i.RCC_APB1PeriphResetCmd) for RCC_APB1PeriphResetCmd
    stm32f10x_i2c.o(i.I2C_Init) refers to stm32f10x_rcc.o(i.RCC_GetClocksFreq) for RCC_GetClocksFreq
[...]
    Removing stm32f10x_tim.o(i.TIM_SelectInputTrigger), (18 bytes).
    Removing stm32f10x_tim.o(i.TIM_SelectMasterSlaveMode), (18 bytes).
    Removing stm32f10x_tim.o(i.TIM_SelectOCxM), (82 bytes).
    Removing stm32f10x_tim.o(i.TIM_SelectOnePulseMode), (18 bytes).
    Removing stm32f10x_tim.o(i.TIM_SelectOutputTrigger), (18 bytes).
    Removing stm32f10x_tim.o(i.TIM_SelectSlaveMode), (18 bytes).
    Removing stm32f10x_tim.o(i.TIM_SetAutoreload), (4 bytes).
    Removing stm32f10x_tim.o(i.TIM_SetClockDivision), (18 bytes).
    Removing stm32f10x_tim.o(i.TIM_SetCompare1), (4 bytes).
    Removing stm32f10x_tim.o(i.TIM_SetCompare3), (4 bytes).
    Removing stm32f10x_tim.o(i.TIM_SetCompare4), (6 bytes).
    Removing stm32f10x_tim.o(i.TIM_SetCounter), (4 bytes).
    Removing stm32f10x_tim.o(i.TIM_SetIC1Prescaler), (18 bytes).
    Removing stm32f10x_tim.o(i.TIM_SetIC2Prescaler), (26 bytes).
    Removing stm32f10x_tim.o(i.TIM_SetIC3Prescaler), (18 bytes).
    Removing stm32f10x_tim.o(i.TIM_SetIC4Prescaler), (26 bytes).
    Removing stm32f10x_tim.o(i.TIM_TIxExternalClockConfig), (62 bytes).
    Removing stm32f10x_tim.o(i.TIM_TimeBaseStructInit), (18 bytes).
    Removing stm32f10x_tim.o(i.TIM_UpdateDisableConfig), (24 bytes).
    Removing stm32f10x_tim.o(i.TIM_UpdateRequestConfig), (24 bytes).
    Removing stm32f10x_usart.o(i.USART_ClearFlag), (18 bytes).
    Removing stm32f10x_usart.o(i.USART_ClearITPendingBit), (30 bytes).
    Removing stm32f10x_usart.o(i.USART_ClockInit), (34 bytes).
    Removing stm32f10x_usart.o(i.USART_ClockStructInit), (12 bytes).
    Removing stm32f10x_usart.o(i.USART_DMACmd), (18 bytes).
    Removing stm32f10x_usart.o(i.USART_DeInit), (156 bytes).
    Removing stm32f10x_usart.o(i.USART_HalfDuplexCmd), (24 bytes).
    Removing stm32f10x_usart.o(i.USART_IrDACmd), (24 bytes).
    Removing stm32f10x_usart.o(i.USART_IrDAConfig), (18 bytes).
    Removing stm32f10x_usart.o(i.USART_LINBreakDetectLengthConfig), (18 bytes).
    Removing stm32f10x_usart.o(i.USART_LINCmd), (24 bytes).
    Removing stm32f10x_usart.o(i.USART_OneBitMethodCmd), (24 bytes).
    Removing stm32f10x_usart.o(i.USART_OverSampling8Cmd), (22 bytes).
    Removing stm32f10x_usart.o(i.USART_ReceiverWakeUpCmd), (24 bytes).
    Removing stm32f10x_usart.o(i.USART_SendBreak), (10 bytes).
    Removing stm32f10x_usart.o(i.USART_SetAddress), (18 bytes).
    Removing stm32f10x_usart.o(i.USART_SetGuardTime), (16 bytes).
    Removing stm32f10x_usart.o(i.USART_SetPrescaler), (16 bytes).
    Removing stm32f10x_usart.o(i.USART_SmartCardCmd), (24 bytes).
    Removing stm32f10x_usart.o(i.USART_SmartCardNACKCmd), (24 bytes).
    Removing stm32f10x_usart.o(i.USART_StructInit), (24 bytes).
    Removing stm32f10x_usart.o(i.USART_WakeUpConfig), (18 bytes).
    Removing stm32f10x_wwdg.o(i.WWDG_ClearFlag), (12 bytes).
    Removing stm32f10x_wwdg.o(i.WWDG_DeInit), (22 bytes).
    Removing stm32f10x_wwdg.o(i.WWDG_Enable), (16 bytes).
    Removing stm32f10x_wwdg.o(i.WWDG_EnableIT), (12 bytes).
    Removing stm32f10x_wwdg.o(i.WWDG_GetFlagStatus), (12 bytes).
    Removing stm32f10x_wwdg.o(i.WWDG_SetCounter), (16 bytes).
    Removing stm32f10x_wwdg.o(i.WWDG_SetPrescaler), (24 bytes).
    Removing stm32f10x_wwdg.o(i.WWDG_SetWindowValue), (40 bytes).
    Removing delay.o(i.Delay_s), (24 bytes).
    Removing sys.o(.emb_text), (6 bytes).
    Removing sys.o(i.INTX_DISABLE), (4 bytes).
    Removing sys.o(i.INTX_ENABLE), (4 bytes).
    Removing sys.o(i.WFI_SET), (4 bytes).
    Removing adc.o(i.AD_GetValue), (52 bytes).
    Removing adc.o(i.DHT11_Get), (56 bytes).
    Removing adc.o(i.Light_Get), (72 bytes).
    Removing usart.o(i.USART_GetRxData), (12 bytes).
    Removing usart.o(i.USART_GetRxFlag), (28 bytes).
    Removing usart.o(i.Usart_SendArray), (26 bytes).
    Removing usart.o(i.Usart_SendByte), (32 bytes).
    Removing usart.o(i.Usart_SendString), (26 bytes).
    Removing dma.o(i.DMA_Enable), (40 bytes).
    Removing dma.o(i.Dma_Init), (84 bytes).
    Removing dma.o(.data), (2 bytes).
    Removing wkup.o(i.EXTI_IRQHandler), (20 bytes).
    Removing wkup.o(i.Sys_Enter_Standby), (18 bytes).
    Removing oled.o(i.OLED_DrawArc), (618 bytes).
    Removing oled.o(i.OLED_DrawCircle), (352 bytes).
    Removing oled.o(i.OLED_DrawEllipse), (812 bytes).
    Removing oled.o(i.OLED_DrawLine), (374 bytes).
    Removing oled.o(i.OLED_DrawPoint), (80 bytes).
    Removing oled.o(i.OLED_DrawRectangle), (142 bytes).
    Removing oled.o(i.OLED_DrawTriangle), (232 bytes).
    Removing oled.o(i.OLED_GetPoint), (68 bytes).
    Removing oled.o(i.OLED_IsInAngle), (124 bytes).
    Removing oled.o(i.OLED_Printf), (50 bytes).
    Removing oled.o(i.OLED_Reverse), (52 bytes).
    Removing oled.o(i.OLED_ReverseArea), (144 bytes).
    Removing oled.o(i.OLED_ShowBinNum), (70 bytes).
    Removing oled.o(i.OLED_ShowFloatNum), (210 bytes).
    Removing oled.o(i.OLED_ShowHexNum), (96 bytes).
    Removing oled.o(i.OLED_ShowSignedNum), (112 bytes).
    Removing oled.o(i.OLED_ShowString), (46 bytes).
    Removing oled.o(i.OLED_UpdateArea), (124 bytes).
    Removing oled.o(i.OLED_pnpoly), (140 bytes).
    Removing at24.o(i.AT24_Check), (22 bytes).
    Removing usart3.o(i.USART3_GetRxData), (12 bytes).
    Removing usart3.o(i.USART3_GetRxFlag), (28 bytes).
    Removing usart3.o(i.Usart3_SendArray), (26 bytes).
    Removing fadd.o(.text), (176 bytes).
    Removing fflti.o(.text), (18 bytes).
    Removing ffltui.o(.text), (10 bytes).
    Removing dflti.o(.text), (34 bytes).
    Removing dfixi.o(.text), (62 bytes).
    Removing f2d.o(.text), (38 bytes).
    Removing cdcmple.o(.text), (48 bytes).
    Removing d2f.o(.text), (56 bytes).
    Removing cfcmple.o(.text), (20 bytes).
    Removing fepilogue.o(.text), (110 bytes).
    Removing drnd.o(.text), (136 bytes).
    Removing dscalb.o(.text), (46 bytes).

486 unused section(s) (total 22686 bytes) removed from the image.

==============================================================================

Image Symbol Table

    Local Symbols

    Symbol Name                              Value     Ov Type        Size  Object(Section)

    ../clib/microlib/division.c              0x00000000   Number         0  uldiv.o ABSOLUTE
    ../clib/microlib/division.c              0x00000000   Number         0  uidiv.o ABSOLUTE
    ../clib/microlib/errno.c                 0x00000000   Number         0  errno.o ABSOLUTE
    ../clib/microlib/init/entry.s            0x00000000   Number         0  entry10a.o ABSOLUTE
    ../clib/microlib/init/entry.s            0x00000000   Number         0  entry8a.o ABSOLUTE
    ../clib/microlib/init/entry.s            0x00000000   Number         0  entry7b.o ABSOLUTE
    ../clib/microlib/init/entry.s            0x00000000   Number         0  entry2.o ABSOLUTE
    ../clib/microlib/init/entry.s            0x00000000   Number         0  entry9b.o ABSOLUTE
    ../clib/microlib/init/entry.s            0x00000000   Number         0  entry.o ABSOLUTE
    ../clib/microlib/init/entry.s            0x00000000   Number         0  entry10b.o ABSOLUTE
    ../clib/microlib/init/entry.s            0x00000000   Number         0  entry7a.o ABSOLUTE
    ../clib/microlib/init/entry.s            0x00000000   Number         0  entry11a.o ABSOLUTE
    ../clib/microlib/init/entry.s            0x00000000   Number         0  entry12b.o ABSOLUTE
    ../clib/microlib/init/entry.s            0x00000000   Number         0  entry5.o ABSOLUTE
    ../clib/microlib/init/entry.s            0x00000000   Number         0  entry12a.o ABSOLUTE
    ../clib/microlib/init/entry.s            0x00000000   Number         0  entry11b.o ABSOLUTE
    ../clib/microlib/init/entry.s            0x00000000   Number         0  entry8b.o ABSOLUTE
    ../clib/microlib/init/entry.s            0x00000000   Number         0  entry9a.o ABSOLUTE
    ../clib/microlib/longlong.c              0x00000000   Number         0  llushr.o ABSOLUTE
    ../clib/microlib/longlong.c              0x00000000   Number         0  llshl.o ABSOLUTE
    ../clib/microlib/longlong.c              0x00000000   Number         0  llsshr.o ABSOLUTE
    ../clib/microlib/printf/printf.c         0x00000000   Number         0  printf8.o ABSOLUTE
    ../clib/microlib/printf/printf.c         0x00000000   Number         0  printf1.o ABSOLUTE
    ../clib/microlib/printf/printf.c         0x00000000   Number         0  printf5.o ABSOLUTE
    ../clib/microlib/printf/printf.c         0x00000000   Number         0  printf0.o ABSOLUTE
    ../clib/microlib/printf/printf.c         0x00000000   Number         0  printfa.o ABSOLUTE
    ../clib/microlib/printf/printf.c         0x00000000   Number         0  printf4.o ABSOLUTE
    ../clib/microlib/printf/printf.c         0x00000000   Number         0  printfb.o ABSOLUTE
    ../clib/microlib/printf/printf.c         0x00000000   Number         0  printf7.o ABSOLUTE
    ../clib/microlib/printf/printf.c         0x00000000   Number         0  printf3.o ABSOLUTE
    ../clib/microlib/printf/printf.c         0x00000000   Number         0  printf2.o ABSOLUTE
    ../clib/microlib/printf/printf.c         0x00000000   Number         0  printf6.o ABSOLUTE
    ../clib/microlib/printf/stubs.s          0x00000000   Number         0  stubs.o ABSOLUTE
    ../clib/microlib/stdio/streams.c         0x00000000   Number         0  stdout.o ABSOLUTE
    ../clib/microlib/string/strcmp.c         0x00000000   Number         0  strcmp.o ABSOLUTE
    ../clib/microlib/string/strlen.c         0x00000000   Number         0  strlen.o ABSOLUTE
    ../clib/microlib/stubs.s                 0x00000000   Number         0  iusefp.o ABSOLUTE
    ../fplib/microlib/d2f.c                  0x00000000   Number         0  d2f.o ABSOLUTE
    ../fplib/microlib/f2d.c                  0x00000000   Number         0  f2d.o ABSOLUTE
    ../fplib/microlib/fpadd.c                0x00000000   Number         0  dadd.o ABSOLUTE
    ../fplib/microlib/fpadd.c                0x00000000   Number         0  fadd.o ABSOLUTE
    ../fplib/microlib/fpdiv.c                0x00000000   Number         0  ddiv.o ABSOLUTE
    ../fplib/microlib/fpepilogue.c           0x00000000   Number         0  fepilogue.o ABSOLUTE
    ../fplib/microlib/fpepilogue.c           0x00000000   Number         0  depilogue.o ABSOLUTE
    ../fplib/microlib/fpfix.c                0x00000000   Number         0  dfixui.o ABSOLUTE
    ../fplib/microlib/fpfix.c                0x00000000   Number         0  dfixi.o ABSOLUTE
    ../fplib/microlib/fpfix.c                0x00000000   Number         0  dfixul.o ABSOLUTE
    ../fplib/microlib/fpflt.c                0x00000000   Number         0  dfltui.o ABSOLUTE
    ../fplib/microlib/fpflt.c                0x00000000   Number         0  dflti.o ABSOLUTE
    ../fplib/microlib/fpflt.c                0x00000000   Number         0  ffltui.o ABSOLUTE
    ../fplib/microlib/fpflt.c                0x00000000   Number         0  fflti.o ABSOLUTE
    ../fplib/microlib/fpmul.c                0x00000000   Number         0  dmul.o ABSOLUTE
    ../fplib/microlib/fprnd.c                0x00000000   Number         0  drnd.o ABSOLUTE
    ../fplib/microlib/fpscalb.c              0x00000000   Number         0  dscalb.o ABSOLUTE
    ../mathlib/atan.c                        0x00000000   Number         0  atan_x.o ABSOLUTE
    ../mathlib/atan.c                        0x00000000   Number         0  atan.o ABSOLUTE
    ../mathlib/atan2.c                       0x00000000   Number         0  atan2.o ABSOLUTE
    ../mathlib/atan2.c                       0x00000000   Number         0  atan2_x.o ABSOLUTE
    ../mathlib/dunder.c                      0x00000000   Number         0  dunder.o ABSOLUTE
    ../mathlib/fpclassify.c                  0x00000000   Number         0  fpclassify.o ABSOLUTE
    ../mathlib/poly.c                        0x00000000   Number         0  poly.o ABSOLUTE
    ../mathlib/qnan.c                        0x00000000   Number         0  qnan.o ABSOLUTE
    ../mathlib/round.c                       0x00000000   Number         0  round.o ABSOLUTE
    Hardware\AC.c                            0x00000000   Number         0  ac.o ABSOLUTE
    Hardware\ADC.c                           0x00000000   Number         0  adc.o ABSOLUTE
    Hardware\AT24.c                          0x00000000   Number         0  at24.o ABSOLUTE
    Hardware\DHT11.c                         0x00000000   Number         0  dht11.o ABSOLUTE
    Hardware\DMA.c                           0x00000000   Number         0  dma.o ABSOLUTE
    Hardware\ESP8266.c                       0x00000000   Number         0  esp8266.o ABSOLUTE
    Hardware\IIC.c                           0x00000000   Number         0  iic.o ABSOLUTE
    Hardware\KEY.c                           0x00000000   Number         0  key.o ABSOLUTE
    Hardware\LED.c                           0x00000000   Number         0  led.o ABSOLUTE
    Hardware\MC.c                            0x00000000   Number         0  mc.o ABSOLUTE
    Hardware\Motor.c                         0x00000000   Number         0  motor.o ABSOLUTE
    Hardware\OLED.c                          0x00000000   Number         0  oled.o ABSOLUTE
    Hardware\OLED_Data.c                     0x00000000   Number         0  oled_data.o ABSOLUTE
    Hardware\TIM.c                           0x00000000   Number         0  tim.o ABSOLUTE
    Hardware\USART3.c                        0x00000000   Number         0  usart3.o ABSOLUTE
    Hardware\WKUP.c                          0x00000000   Number         0  wkup.o ABSOLUTE
    Hardware\usart.c                         0x00000000   Number         0  usart.o ABSOLUTE
    Library\misc.c                           0x00000000   Number         0  misc.o ABSOLUTE
    Library\stm32f10x_adc.c                  0x00000000   Number         0  stm32f10x_adc.o ABSOLUTE
    Library\stm32f10x_bkp.c                  0x00000000   Number         0  stm32f10x_bkp.o ABSOLUTE
    Library\stm32f10x_can.c                  0x00000000   Number         0  stm32f10x_can.o ABSOLUTE
    Library\stm32f10x_cec.c                  0x00000000   Number         0  stm32f10x_cec.o ABSOLUTE
    Library\stm32f10x_crc.c                  0x00000000   Number         0  stm32f10x_crc.o ABSOLUTE
    Library\stm32f10x_dac.c                  0x00000000   Number         0  stm32f10x_dac.o ABSOLUTE
    Library\stm32f10x_dbgmcu.c               0x00000000   Number         0  stm32f10x_dbgmcu.o ABSOLUTE
    Library\stm32f10x_dma.c                  0x00000000   Number         0  stm32f10x_dma.o ABSOLUTE
    Library\stm32f10x_exti.c                 0x00000000   Number         0  stm32f10x_exti.o ABSOLUTE
    Library\stm32f10x_flash.c                0x00000000   Number         0  stm32f10x_flash.o ABSOLUTE
    Library\stm32f10x_fsmc.c                 0x00000000   Number         0  stm32f10x_fsmc.o ABSOLUTE
    Library\stm32f10x_gpio.c                 0x00000000   Number         0  stm32f10x_gpio.o ABSOLUTE
    Library\stm32f10x_i2c.c                  0x00000000   Number         0  stm32f10x_i2c.o ABSOLUTE
    Library\stm32f10x_iwdg.c                 0x00000000   Number         0  stm32f10x_iwdg.o ABSOLUTE
    Library\stm32f10x_pwr.c                  0x00000000   Number         0  stm32f10x_pwr.o ABSOLUTE
    Library\stm32f10x_rcc.c                  0x00000000   Number         0  stm32f10x_rcc.o ABSOLUTE
    Library\stm32f10x_rtc.c                  0x00000000   Number         0  stm32f10x_rtc.o ABSOLUTE
    Library\stm32f10x_sdio.c                 0x00000000   Number         0  stm32f10x_sdio.o ABSOLUTE
    Library\stm32f10x_spi.c                  0x00000000   Number         0  stm32f10x_spi.o ABSOLUTE
    Library\stm32f10x_tim.c                  0x00000000   Number         0  stm32f10x_tim.o ABSOLUTE
    Library\stm32f10x_usart.c                0x00000000   Number         0  stm32f10x_usart.o ABSOLUTE
    Library\stm32f10x_wwdg.c                 0x00000000   Number         0  stm32f10x_wwdg.o ABSOLUTE
    Star\\core_cm3.c                         0x00000000   Number         0  core_cm3.o ABSOLUTE
    Star\core_cm3.c                          0x00000000   Number         0  core_cm3.o ABSOLUTE
    Star\startup_stm32f10x_md.s              0x00000000   Number         0  startup_stm32f10x_md.o ABSOLUTE
    Star\system_stm32f10x.c                  0x00000000   Number         0  system_stm32f10x.o ABSOLUTE
    System\Delay.c                           0x00000000   Number         0  delay.o ABSOLUTE
    System\\sys.c                            0x00000000   Number         0  sys.o ABSOLUTE
    System\sys.c                             0x00000000   Number         0  sys.o ABSOLUTE
    User\stm32f10x_it.c                      0x00000000   Number         0  stm32f10x_it.o ABSOLUTE
    cdcmple.s                                0x00000000   Number         0  cdcmple.o ABSOLUTE
    cdrcmple.s                               0x00000000   Number         0  cdrcmple.o ABSOLUTE
    cfcmple.s                                0x00000000   Number         0  cfcmple.o ABSOLUTE
    dc.s                                     0x00000000   Number         0  dc.o ABSOLUTE
    handlers.s                               0x00000000   Number         0  handlers.o ABSOLUTE
    init.s                                   0x00000000   Number         0  init.o ABSOLUTE
    main.c                                   0x00000000   Number         0  main.o ABSOLUTE
    RESET                                    0x08000000   Section      236  startup_stm32f10x_md.o(RESET)
    .ARM.Collect$$$$00000000                 0x080000ec   Section        0  entry.o(.ARM.Collect$$$$00000000)
    .ARM.Collect$$$$00000001                 0x080000ec   Section        4  entry2.o(.ARM.Collect$$$$00000001)
    .ARM.Collect$$$$00000004                 0x080000f0   Section        4  entry5.o(.ARM.Collect$$$$00000004)
    .ARM.Collect$$$$00000008                 0x080000f4   Section        0  entry7b.o(.ARM.Collect$$$$00000008)
    .ARM.Collect$$$$0000000A                 0x080000f4   Section        0  entry8b.o(.ARM.Collect$$$$0000000A)
    .ARM.Collect$$$$0000000B                 0x080000f4   Section        8  entry9a.o(.ARM.Collect$$$$0000000B)
    .ARM.Collect$$$$0000000E                 0x080000fc   Section        4  entry12b.o(.ARM.Collect$$$$0000000E)
    .ARM.Collect$$$$0000000F                 0x08000100   Section        0  entry10a.o(.ARM.Collect$$$$0000000F)
    .ARM.Collect$$$$00000011                 0x08000100   Section        0  entry11a.o(.ARM.Collect$$$$00000011)
    .ARM.Collect$$$$00002712                 0x08000100   Section        4  entry2.o(.ARM.Collect$$$$00002712)
    __lit__00000000                          0x08000100   Data           4  entry2.o(.ARM.Collect$$$$00002712)
    .text                                    0x08000104   Section       36  startup_stm32f10x_md.o(.text)
    .text                                    0x08000128   Section        0  strlen.o(.text)
    .text                                    0x08000136   Section        0  strcmp.o(.text)
    .text                                    0x08000152   Section        0  dadd.o(.text)
    .text                                    0x080002a0   Section        0  dmul.o(.text)
    .text                                    0x08000384   Section        0  ddiv.o(.text)
    .text                                    0x08000462   Section        0  dfltui.o(.text)
    .text                                    0x0800047c   Section        0  dfixui.o(.text)
    .text                                    0x080004b0   Section       48  cdrcmple.o(.text)
    .text                                    0x080004e0   Section        0  uidiv.o(.text)
    .text                                    0x0800050c   Section        0  uldiv.o(.text)
    .text                                    0x0800056e   Section        0  llshl.o(.text)
    .text                                    0x0800058c   Section        0  llushr.o(.text)
    .text                                    0x080005ac   Section        0  llsshr.o(.text)
    .text                                    0x080005d0   Section        0  depilogue.o(.text)
    .text                                    0x080005d0   Section        0  iusefp.o(.text)
    .text                                    0x0800068a   Section        0  dfixul.o(.text)
    .text                                    0x080006bc   Section       36  init.o(.text)
    i.AC_Start                               0x080006e0   Section        0  ac.o(i.AC_Start)
    i.ADC_Cmd                                0x0800073c   Section        0  stm32f10x_adc.o(i.ADC_Cmd)
    i.ADC_DMACmd                             0x08000752   Section        0  stm32f10x_adc.o(i.ADC_DMACmd)
    i.ADC_GetCalibrationStatus               0x08000768   Section        0  stm32f10x_adc.o(i.ADC_GetCalibrationStatus)
    i.ADC_GetResetCalibrationStatus          0x0800077c   Section        0  stm32f10x_adc.o(i.ADC_GetResetCalibrationStatus)
    i.ADC_Init                               0x08000790   Section        0  stm32f10x_adc.o(i.ADC_Init)
    i.ADC_RegularChannelConfig               0x080007e0   Section        0  stm32f10x_adc.o(i.ADC_RegularChannelConfig)
    i.ADC_ResetCalibration                   0x08000898   Section        0  stm32f10x_adc.o(i.ADC_ResetCalibration)
    i.ADC_SoftwareStartConvCmd               0x080008a2   Section        0  stm32f10x_adc.o(i.ADC_SoftwareStartConvCmd)
    i.ADC_StartCalibration                   0x080008b8   Section        0  stm32f10x_adc.o(i.ADC_StartCalibration)
    i.AT24_Init                              0x080008c2   Section        0  at24.o(i.AT24_Init)
    i.AT24_Recive_Byte                       0x080008ca   Section        0  at24.o(i.AT24_Recive_Byte)
    i.AT24_Write_Byte                        0x08000908   Section        0  at24.o(i.AT24_Write_Byte)
    i.Adc_DMA_Init                           0x08000938   Section        0  adc.o(i.Adc_DMA_Init)
    i.BusFault_Handler                       0x08000a3c   Section        0  stm32f10x_it.o(i.BusFault_Handler)
    i.Check_WKUP                             0x08000a40   Section        0  wkup.o(i.Check_WKUP)
    i.DHT11_Check                            0x08000a90   Section        0  dht11.o(i.DHT11_Check)
    i.DHT11_Mode                             0x08000aec   Section        0  dht11.o(i.DHT11_Mode)
    i.DHT11_Read_Bit                         0x08000b20   Section        0  dht11.o(i.DHT11_Read_Bit)
    i.DHT11_Read_Byte                        0x08000b78   Section        0  dht11.o(i.DHT11_Read_Byte)
    i.DHT11_Read_Data                        0x08000b98   Section        0  dht11.o(i.DHT11_Read_Data)
    i.DHT11_Rest                             0x08000bf0   Section        0  dht11.o(i.DHT11_Rest)
    i.DHT_Init                               0x08000c1c   Section        0  dht11.o(i.DHT_Init)
    i.DMA_Cmd                                0x08000c40   Section        0  stm32f10x_dma.o(i.DMA_Cmd)
    i.DMA_Init                               0x08000c58   Section        0  stm32f10x_dma.o(i.DMA_Init)
    i.Data_UP                                0x08000c94   Section        0  esp8266.o(i.Data_UP)
    i.DebugMon_Handler                       0x08000d0c   Section        0  stm32f10x_it.o(i.DebugMon_Handler)
    i.Delay_ms                               0x08000d0e   Section        0  delay.o(i.Delay_ms)
    i.Delay_us                               0x08000d26   Section        0  delay.o(i.Delay_us)
    i.EXTI_Init                              0x08000d54   Section        0  stm32f10x_exti.o(i.EXTI_Init)
    i.GPIO_EXTILineConfig                    0x08000de8   Section        0  stm32f10x_gpio.o(i.GPIO_EXTILineConfig)
    i.GPIO_Init                              0x08000e28   Section        0  stm32f10x_gpio.o(i.GPIO_Init)
    i.GPIO_ReadInputDataBit                  0x08000f3e   Section        0  stm32f10x_gpio.o(i.GPIO_ReadInputDataBit)
    i.GPIO_ResetBits                         0x08000f50   Section        0  stm32f10x_gpio.o(i.GPIO_ResetBits)
    i.GPIO_SetBits                           0x08000f54   Section        0  stm32f10x_gpio.o(i.GPIO_SetBits)
    i.GPIO_WriteBit                          0x08000f58   Section        0  stm32f10x_gpio.o(i.GPIO_WriteBit)
    i.HardFault_Handler                      0x08000f62   Section        0  stm32f10x_it.o(i.HardFault_Handler)
    i.IIC_Init                               0x08000f68   Section        0  iic.o(i.IIC_Init)
    i.KEY_Init                               0x08000f9c   Section        0  key.o(i.KEY_Init)
    i.Key_GetNum                             0x08000fdc   Section        0  key.o(i.Key_GetNum)
    i.LED2_OFF                               0x08001034   Section        0  led.o(i.LED2_OFF)
    i.LED2_ON                                0x08001044   Section        0  led.o(i.LED2_ON)
    i.LED3_OFF                               0x08001054   Section        0  led.o(i.LED3_OFF)
    i.LED3_ON                                0x08001064   Section        0  led.o(i.LED3_ON)
    i.LED4_OFF                               0x08001074   Section        0  led.o(i.LED4_OFF)
    i.LED4_ON                                0x08001084   Section        0  led.o(i.LED4_ON)
    i.LED5_OFF                               0x08001094   Section        0  led.o(i.LED5_OFF)
    i.LED5_ON                                0x080010a8   Section        0  led.o(i.LED5_ON)
    i.LED_Init                               0x080010bc   Section        0  led.o(i.LED_Init)
    i.Light_LED                              0x080010fc   Section        0  adc.o(i.Light_LED)
    i.MC_Start                               0x0800118c   Section        0  mc.o(i.MC_Start)
    i.MemManage_Handler                      0x080011e4   Section        0  stm32f10x_it.o(i.MemManage_Handler)
    i.Motor_Start                            0x080011e8   Section        0  motor.o(i.Motor_Start)
    i.Motor_Stop                             0x08001216   Section        0  motor.o(i.Motor_Stop)
    i.MyI2C_R_SDA                            0x08001228   Section        0  iic.o(i.MyI2C_R_SDA)
    i.MyI2C_ReceiveAck                       0x08001244   Section        0  iic.o(i.MyI2C_ReceiveAck)
    i.MyI2C_ReceiveByte                      0x08001262   Section        0  iic.o(i.MyI2C_ReceiveByte)
    i.MyI2C_SendAck                          0x08001296   Section        0  iic.o(i.MyI2C_SendAck)
    i.MyI2C_SendByte                         0x080012ae   Section        0  iic.o(i.MyI2C_SendByte)
    i.MyI2C_Start                            0x080012d8   Section        0  iic.o(i.MyI2C_Start)
    i.MyI2C_Stop                             0x080012f4   Section        0  iic.o(i.MyI2C_Stop)
    i.MyI2C_W_SCL                            0x08001310   Section        0  iic.o(i.MyI2C_W_SCL)
    i.MyI2C_W_SDA                            0x0800132c   Section        0  iic.o(i.MyI2C_W_SDA)
    i.NMI_Handler                            0x08001348   Section        0  stm32f10x_it.o(i.NMI_Handler)
    i.NVIC_Init                              0x0800134c   Section        0  misc.o(i.NVIC_Init)
    i.NVIC_PriorityGroupConfig               0x080013bc   Section        0  misc.o(i.NVIC_PriorityGroupConfig)
    i.OLED_Clear                             0x080013d0   Section        0  oled.o(i.OLED_Clear)
    i.OLED_ClearArea                         0x080013f8   Section        0  oled.o(i.OLED_ClearArea)
    i.OLED_GPIO_Init                         0x08001488   Section        0  oled.o(i.OLED_GPIO_Init)
    i.OLED_Init                              0x08001538   Section        0  oled.o(i.OLED_Init)
    i.OLED_Pow                               0x080015d2   Section        0  oled.o(i.OLED_Pow)
    i.OLED_SPI_SendByte                      0x080015e6   Section        0  oled.o(i.OLED_SPI_SendByte)
    i.OLED_SetCursor                         0x08001618   Section        0  oled.o(i.OLED_SetCursor)
    i.OLED_ShowChar                          0x0800163c   Section        0  oled.o(i.OLED_ShowChar)
    i.OLED_ShowChinese                       0x08001690   Section        0  oled.o(i.OLED_ShowChinese)
    i.OLED_ShowImage                         0x08001730   Section        0  oled.o(i.OLED_ShowImage)
    i.OLED_ShowNum                           0x0800182c   Section        0  oled.o(i.OLED_ShowNum)
    i.OLED_Update                            0x08001878   Section        0  oled.o(i.OLED_Update)
    i.OLED_W_CS                              0x080018a0   Section        0  oled.o(i.OLED_W_CS)
    i.OLED_W_D0                              0x080018b8   Section        0  oled.o(i.OLED_W_D0)
    i.OLED_W_D1                              0x080018d0   Section        0  oled.o(i.OLED_W_D1)
    i.OLED_W_DC                              0x080018e8   Section        0  oled.o(i.OLED_W_DC)
    i.OLED_W_RES                             0x08001900   Section        0  oled.o(i.OLED_W_RES)
    i.OLED_WriteCommand                      0x08001918   Section        0  oled.o(i.OLED_WriteCommand)
    i.OLED_WriteData                         0x08001936   Section        0  oled.o(i.OLED_WriteData)
    i.PWM_Init                               0x08001962   Section        0  motor.o(i.PWM_Init)
    i.PWM_SetCompare2                        0x08001964   Section        0  tim.o(i.PWM_SetCompare2)
    i.PWM_SetCompare3                        0x08001974   Section        0  tim.o(i.PWM_SetCompare3)
    i.PWR_EnterSTANDBYMode                   0x08001978   Section        0  stm32f10x_pwr.o(i.PWR_EnterSTANDBYMode)
    i.PWR_WakeUpPinCmd                       0x080019ac   Section        0  stm32f10x_pwr.o(i.PWR_WakeUpPinCmd)
    i.PendSV_Handler                         0x080019b8   Section        0  stm32f10x_it.o(i.PendSV_Handler)
    i.RCC_ADCCLKConfig                       0x080019bc   Section        0  stm32f10x_rcc.o(i.RCC_ADCCLKConfig)
    i.RCC_AHBPeriphClockCmd                  0x080019d4   Section        0  stm32f10x_rcc.o(i.RCC_AHBPeriphClockCmd)
    i.RCC_APB1PeriphClockCmd                 0x080019f4   Section        0  stm32f10x_rcc.o(i.RCC_APB1PeriphClockCmd)
    i.RCC_APB2PeriphClockCmd                 0x08001a14   Section        0  stm32f10x_rcc.o(i.RCC_APB2PeriphClockCmd)
    i.RCC_GetClocksFreq                      0x08001a34   Section        0  stm32f10x_rcc.o(i.RCC_GetClocksFreq)
    i.SVC_Handler                            0x08001b08   Section        0  stm32f10x_it.o(i.SVC_Handler)
    i.SetSysClock                            0x08001b0a   Section        0  system_stm32f10x.o(i.SetSysClock)
    SetSysClock                              0x08001b0b   Thumb Code     8  system_stm32f10x.o(i.SetSysClock)
    i.SetSysClockTo72                        0x08001b14   Section        0  system_stm32f10x.o(i.SetSysClockTo72)
    SetSysClockTo72                          0x08001b15   Thumb Code   214  system_stm32f10x.o(i.SetSysClockTo72)
    i.SysTick_Handler                        0x08001bf4   Section        0  stm32f10x_it.o(i.SysTick_Handler)
    i.Sys_Standby                            0x08001bf6   Section        0  wkup.o(i.Sys_Standby)
    i.SystemInit                             0x08001c0c   Section        0  system_stm32f10x.o(i.SystemInit)
    i.TIM3_4_Init                            0x08001c6c   Section        0  tim.o(i.TIM3_4_Init)
    i.TIM3_IRQHandler                        0x08001d34   Section        0  tim.o(i.TIM3_IRQHandler)
    i.TIM4_IRQHandler                        0x08001da4   Section        0  tim.o(i.TIM4_IRQHandler)
    i.TIM_ClearFlag                          0x08001dd8   Section        0  stm32f10x_tim.o(i.TIM_ClearFlag)
    i.TIM_Cmd                                0x08001dde   Section        0  stm32f10x_tim.o(i.TIM_Cmd)
    i.TIM_GetITStatus                        0x08001df6   Section        0  stm32f10x_tim.o(i.TIM_GetITStatus)
    i.TIM_ITConfig                           0x08001e18   Section        0  stm32f10x_tim.o(i.TIM_ITConfig)
    i.TIM_Init                               0x08001e2c   Section        0  tim.o(i.TIM_Init)
    i.TIM_InternalClockConfig                0x08001ec4   Section        0  stm32f10x_tim.o(i.TIM_InternalClockConfig)
    i.TIM_OC2Init                            0x08001ed0   Section        0  stm32f10x_tim.o(i.TIM_OC2Init)
    i.TIM_OCStructInit                       0x08001f74   Section        0  stm32f10x_tim.o(i.TIM_OCStructInit)
    i.TIM_SetCompare2                        0x08001f88   Section        0  stm32f10x_tim.o(i.TIM_SetCompare2)
    i.TIM_TimeBaseInit                       0x08001f8c   Section        0  stm32f10x_tim.o(i.TIM_TimeBaseInit)
    i.USART1_IRQHandler                      0x08002030   Section        0  usart.o(i.USART1_IRQHandler)
    i.USART3_IRQHandler                      0x080021ac   Section        0  usart3.o(i.USART3_IRQHandler)
    i.USART_Cmd                              0x08002330   Section        0  stm32f10x_usart.o(i.USART_Cmd)
    i.USART_GetFlagStatus                    0x08002348   Section        0  stm32f10x_usart.o(i.USART_GetFlagStatus)
    i.USART_GetITStatus                      0x08002362   Section        0  stm32f10x_usart.o(i.USART_GetITStatus)
    i.USART_ITConfig                         0x080023b6   Section        0  stm32f10x_usart.o(i.USART_ITConfig)
    i.USART_Init                             0x08002400   Section        0  stm32f10x_usart.o(i.USART_Init)
    i.USART_ReceiveData                      0x080024d8   Section        0  stm32f10x_usart.o(i.USART_ReceiveData)
    i.USART_SendData                         0x080024e2   Section        0  stm32f10x_usart.o(i.USART_SendData)
    i.UsageFault_Handler                     0x080024ea   Section        0  stm32f10x_it.o(i.UsageFault_Handler)
    i.Usart3_Init                            0x080024f0   Section        0  usart3.o(i.Usart3_Init)
    i.Usart3_SendByte                        0x080025a8   Section        0  usart3.o(i.Usart3_SendByte)
    i.Usart3_SendString                      0x080025c8   Section        0  usart3.o(i.Usart3_SendString)
    i.Usart_Init                             0x080025e4   Section        0  usart.o(i.Usart_Init)
    i.WIFI_Connect                           0x0800269c   Section        0  esp8266.o(i.WIFI_Connect)
    i.WKUP_Init                              0x08002768   Section        0  wkup.o(i.WKUP_Init)
    i.__0printf                              0x080027d8   Section        0  printfa.o(i.__0printf)
    i.__0vsprintf                            0x080027f8   Section        0  printfa.o(i.__0vsprintf)
    i.__scatterload_copy                     0x0800281c   Section       14  handlers.o(i.__scatterload_copy)
    i.__scatterload_null                     0x0800282a   Section        2  handlers.o(i.__scatterload_null)
    i.__scatterload_zeroinit                 0x0800282c   Section       14  handlers.o(i.__scatterload_zeroinit)
    i._fp_digits                             0x0800283c   Section        0  printfa.o(i._fp_digits)
    _fp_digits                               0x0800283d   Thumb Code   366  printfa.o(i._fp_digits)
    i._printf_core                           0x080029c0   Section        0  printfa.o(i._printf_core)
    _printf_core                             0x080029c1   Thumb Code  1704  printfa.o(i._printf_core)
    i._printf_post_padding                   0x08003074   Section        0  printfa.o(i._printf_post_padding)
    _printf_post_padding                     0x08003075   Thumb Code    36  printfa.o(i._printf_post_padding)
    i._printf_pre_padding                    0x08003098   Section        0  printfa.o(i._printf_pre_padding)
    _printf_pre_padding                      0x08003099   Thumb Code    46  printfa.o(i._printf_pre_padding)
    i._sputc                                 0x080030c6   Section        0  printfa.o(i._sputc)
    _sputc                                   0x080030c7   Thumb Code    10  printfa.o(i._sputc)
    i.fputc                                  0x080030d0   Section        0  usart.o(i.fputc)
    i.main                                   0x080030ec   Section        0  main.o(i.main)
    i.u3_printf                              0x08003198   Section        0  usart3.o(i.u3_printf)
    .constdata                               0x080031e8   Section     2787  oled_data.o(.constdata)
    .data                                    0x20000000   Section       20  stm32f10x_rcc.o(.data)
    APBAHBPrescTable                         0x20000000   Data          16  stm32f10x_rcc.o(.data)
    ADCPrescTable                            0x20000010   Data           4  stm32f10x_rcc.o(.data)
    .data                                    0x20000014   Section        8  main.o(.data)
    .data                                    0x2000001c   Section        4  adc.o(.data)
    .data                                    0x20000020   Section        8  tim.o(.data)
    .data                                    0x20000028   Section        6  usart.o(.data)
    .data                                    0x2000002e   Section        6  usart3.o(.data)
    .data                                    0x20000034   Section        4  stdout.o(.data)
    .bss                                     0x20000038   Section      200  usart.o(.bss)
    .bss                                     0x20000100   Section     1024  oled.o(.bss)
    .bss                                     0x20000500   Section     1200  usart3.o(.bss)
    STACK                                    0x200009b0   Section     1024  startup_stm32f10x_md.o(STACK)

    Global Symbols

    Symbol Name                              Value     Ov Type        Size  Object(Section)

    BuildAttributes$$THM_ISAv4$P$D$K$B$S$PE$A:L22UL41UL21$X:L11$S22US41US21$IEEE1$IW$USESV6$~STKCKD$USESV7$~SHL$OTIME$ROPI$IEEEX$EBA8$MICROLIB$REQ8$PRES8$EABIv2 0x00000000   Number         0  anon$$obj.o ABSOLUTE
    __ARM_use_no_argv                        0x00000000   Number         0  main.o ABSOLUTE
    _printf_a                                0x00000000   Number         0  stubs.o ABSOLUTE
    _printf_c                                0x00000000   Number         0  stubs.o ABSOLUTE
    _printf_charcount                        0x00000000   Number         0  stubs.o ABSOLUTE
    _printf_d                                0x00000000   Number         0  stubs.o ABSOLUTE
    _printf_e                                0x00000000   Number         0  stubs.o ABSOLUTE
    _printf_f                                0x00000000   Number         0  stubs.o ABSOLUTE
    _printf_flags                            0x00000000   Number         0  stubs.o ABSOLUTE
    _printf_fp_dec                           0x00000000   Number         0  stubs.o ABSOLUTE
    _printf_fp_hex                           0x00000000   Number         0  stubs.o ABSOLUTE
    _printf_g                                0x00000000   Number         0  stubs.o ABSOLUTE
    _printf_i                                0x00000000   Number         0  stubs.o ABSOLUTE
    _printf_int_dec                          0x00000000   Number         0  stubs.o ABSOLUTE
    _printf_l                                0x00000000   Number         0  stubs.o ABSOLUTE
    _printf_lc                               0x00000000   Number         0  stubs.o ABSOLUTE
    _printf_ll                               0x00000000   Number         0  stubs.o ABSOLUTE
    _printf_lld                              0x00000000   Number         0  stubs.o ABSOLUTE
    _printf_lli                              0x00000000   Number         0  stubs.o ABSOLUTE
    _printf_llo                              0x00000000   Number         0  stubs.o ABSOLUTE
    _printf_llu                              0x00000000   Number         0  stubs.o ABSOLUTE
    _printf_llx                              0x00000000   Number         0  stubs.o ABSOLUTE
    _printf_longlong_dec                     0x00000000   Number         0  stubs.o ABSOLUTE
    _printf_longlong_hex                     0x00000000   Number         0  stubs.o ABSOLUTE
    _printf_longlong_oct                     0x00000000   Number         0  stubs.o ABSOLUTE
    _printf_ls                               0x00000000   Number         0  stubs.o ABSOLUTE
    _printf_mbtowc                           0x00000000   Number         0  stubs.o ABSOLUTE
    _printf_n                                0x00000000   Number         0  stubs.o ABSOLUTE
    _printf_o                                0x00000000   Number         0  stubs.o ABSOLUTE
    _printf_p                                0x00000000   Number         0  stubs.o ABSOLUTE
    _printf_percent                          0x00000000   Number         0  stubs.o ABSOLUTE
    _printf_pre_padding                      0x00000000   Number         0  stubs.o ABSOLUTE
    _printf_return_value                     0x00000000   Number         0  stubs.o ABSOLUTE
    _printf_s                                0x00000000   Number         0  stubs.o ABSOLUTE
    _printf_sizespec                         0x00000000   Number         0  stubs.o ABSOLUTE
    _printf_str                              0x00000000   Number         0  stubs.o ABSOLUTE
    _printf_truncate_signed                  0x00000000   Number         0  stubs.o ABSOLUTE
    _printf_truncate_unsigned                0x00000000   Number         0  stubs.o ABSOLUTE
    _printf_u                                0x00000000   Number         0  stubs.o ABSOLUTE
    _printf_wc                               0x00000000   Number         0  stubs.o ABSOLUTE
    _printf_wctomb                           0x00000000   Number         0  stubs.o ABSOLUTE
    _printf_widthprec                        0x00000000   Number         0  stubs.o ABSOLUTE
    _printf_x                                0x00000000   Number         0  stubs.o ABSOLUTE
    __arm_fini_                               - Undefined Weak Reference
    __cpp_initialize__aeabi_                  - Undefined Weak Reference
    __cxa_finalize                            - Undefined Weak Reference
    __decompress                              - Undefined Weak Reference
    _clock_init                               - Undefined Weak Reference
    _microlib_exit                            - Undefined Weak Reference
    __Vectors_Size                           0x000000ec   Number         0  startup_stm32f10x_md.o ABSOLUTE
    __Vectors                                0x08000000   Data           4  startup_stm32f10x_md.o(RESET)
    __Vectors_End                            0x080000ec   Data           0  startup_stm32f10x_md.o(RESET)
    __main                                   0x080000ed   Thumb Code     0  entry.o(.ARM.Collect$$$$00000000)
    _main_stk                                0x080000ed   Thumb Code     0  entry2.o(.ARM.Collect$$$$00000001)
    _main_scatterload                        0x080000f1   Thumb Code     0  entry5.o(.ARM.Collect$$$$00000004)
    __main_after_scatterload                 0x080000f5   Thumb Code     0  entry5.o(.ARM.Collect$$$$00000004)
    _main_clock                              0x080000f5   Thumb Code     0  entry7b.o(.ARM.Collect$$$$00000008)
    _main_cpp_init                           0x080000f5   Thumb Code     0  entry8b.o(.ARM.Collect$$$$0000000A)
    _main_init                               0x080000f5   Thumb Code     0  entry9a.o(.ARM.Collect$$$$0000000B)
    __rt_lib_shutdown_fini                   0x080000fd   Thumb Code     0  entry12b.o(.ARM.Collect$$$$0000000E)
    __rt_final_cpp                           0x08000101   Thumb Code     0  entry10a.o(.ARM.Collect$$$$0000000F)
    __rt_final_exit                          0x08000101   Thumb Code     0  entry11a.o(.ARM.Collect$$$$00000011)
    Reset_Handler                            0x08000105   Thumb Code     8  startup_stm32f10x_md.o(.text)
    ADC1_2_IRQHandler                        0x0800011f   Thumb Code     0  startup_stm32f10x_md.o(.text)
    CAN1_RX1_IRQHandler                      0x0800011f   Thumb Code     0  startup_stm32f10x_md.o(.text)
    CAN1_SCE_IRQHandler                      0x0800011f   Thumb Code     0  startup_stm32f10x_md.o(.text)
    DMA1_Channel1_IRQHandler                 0x0800011f   Thumb Code     0  startup_stm32f10x_md.o(.text)
    DMA1_Channel2_IRQHandler                 0x0800011f   Thumb Code     0  startup_stm32f10x_md.o(.text)
    DMA1_Channel3_IRQHandler                 0x0800011f   Thumb Code     0  startup_stm32f10x_md.o(.text)
    DMA1_Channel4_IRQHandler                 0x0800011f   Thumb Code     0  startup_stm32f10x_md.o(.text)
    DMA1_Channel5_IRQHandler                 0x0800011f   Thumb Code     0  startup_stm32f10x_md.o(.text)
    DMA1_Channel6_IRQHandler                 0x0800011f   Thumb Code     0  startup_stm32f10x_md.o(.text)
    DMA1_Channel7_IRQHandler                 0x0800011f   Thumb Code     0  startup_stm32f10x_md.o(.text)
    EXTI0_IRQHandler                         0x0800011f   Thumb Code     0  startup_stm32f10x_md.o(.text)
    EXTI15_10_IRQHandler                     0x0800011f   Thumb Code     0  startup_stm32f10x_md.o(.text)
    EXTI1_IRQHandler                         0x0800011f   Thumb Code     0  startup_stm32f10x_md.o(.text)
    EXTI2_IRQHandler                         0x0800011f   Thumb Code     0  startup_stm32f10x_md.o(.text)
    EXTI3_IRQHandler                         0x0800011f   Thumb Code     0  startup_stm32f10x_md.o(.text)
    EXTI4_IRQHandler                         0x0800011f   Thumb Code     0  startup_stm32f10x_md.o(.text)
    EXTI9_5_IRQHandler                       0x0800011f   Thumb Code     0  startup_stm32f10x_md.o(.text)
    FLASH_IRQHandler                         0x0800011f   Thumb Code     0  startup_stm32f10x_md.o(.text)
    I2C1_ER_IRQHandler                       0x0800011f   Thumb Code     0  startup_stm32f10x_md.o(.text)
    I2C1_EV_IRQHandler                       0x0800011f   Thumb Code     0  startup_stm32f10x_md.o(.text)
    I2C2_ER_IRQHandler                       0x0800011f   Thumb Code     0  startup_stm32f10x_md.o(.text)
    I2C2_EV_IRQHandler                       0x0800011f   Thumb Code     0  startup_stm32f10x_md.o(.text)
    PVD_IRQHandler                           0x0800011f   Thumb Code     0  startup_stm32f10x_md.o(.text)
    RCC_IRQHandler                           0x0800011f   Thumb Code     0  startup_stm32f10x_md.o(.text)
    RTCAlarm_IRQHandler                      0x0800011f   Thumb Code     0  startup_stm32f10x_md.o(.text)
    RTC_IRQHandler                           0x0800011f   Thumb Code     0  startup_stm32f10x_md.o(.text)
    SPI1_IRQHandler                          0x0800011f   Thumb Code     0  startup_stm32f10x_md.o(.text)
    SPI2_IRQHandler                          0x0800011f   Thumb Code     0  startup_stm32f10x_md.o(.text)
    TAMPER_IRQHandler                        0x0800011f   Thumb Code     0  startup_stm32f10x_md.o(.text)
    TIM1_BRK_IRQHandler                      0x0800011f   Thumb Code     0  startup_stm32f10x_md.o(.text)
    TIM1_CC_IRQHandler                       0x0800011f   Thumb Code     0  startup_stm32f10x_md.o(.text)
    TIM1_TRG_COM_IRQHandler                  0x0800011f   Thumb Code     0  startup_stm32f10x_md.o(.text)
    TIM1_UP_IRQHandler                       0x0800011f   Thumb Code     0  startup_stm32f10x_md.o(.text)
    TIM2_IRQHandler                          0x0800011f   Thumb Code     0  startup_stm32f10x_md.o(.text)
    USART2_IRQHandler                        0x0800011f   Thumb Code     0  startup_stm32f10x_md.o(.text)
    USBWakeUp_IRQHandler                     0x0800011f   Thumb Code     0  startup_stm32f10x_md.o(.text)
    USB_HP_CAN1_TX_IRQHandler                0x0800011f   Thumb Code     0  startup_stm32f10x_md.o(.text)
    USB_LP_CAN1_RX0_IRQHandler               0x0800011f   Thumb Code     0  startup_stm32f10x_md.o(.text)
    WWDG_IRQHandler                          0x0800011f   Thumb Code     0  startup_stm32f10x_md.o(.text)
    strlen                                   0x08000129   Thumb Code    14  strlen.o(.text)
    strcmp                                   0x08000137   Thumb Code    28  strcmp.o(.text)
    __aeabi_dadd                             0x08000153   Thumb Code   322  dadd.o(.text)
    __aeabi_dsub                             0x08000295   Thumb Code     6  dadd.o(.text)
    __aeabi_drsub                            0x0800029b   Thumb Code     6  dadd.o(.text)
    __aeabi_dmul                             0x080002a1   Thumb Code   228  dmul.o(.text)
    __aeabi_ddiv                             0x08000385   Thumb Code   222  ddiv.o(.text)
    __aeabi_ui2d                             0x08000463   Thumb Code    26  dfltui.o(.text)
    __aeabi_d2uiz                            0x0800047d   Thumb Code    50  dfixui.o(.text)
    __aeabi_cdrcmple                         0x080004b1   Thumb Code    48  cdrcmple.o(.text)
    __aeabi_uidiv                            0x080004e1   Thumb Code     0  uidiv.o(.text)
    __aeabi_uidivmod                         0x080004e1   Thumb Code    44  uidiv.o(.text)
    __aeabi_uldivmod                         0x0800050d   Thumb Code    98  uldiv.o(.text)
    __aeabi_llsl                             0x0800056f   Thumb Code    30  llshl.o(.text)
    _ll_shift_l                              0x0800056f   Thumb Code     0  llshl.o(.text)
    __aeabi_llsr                             0x0800058d   Thumb Code    32  llushr.o(.text)
    _ll_ushift_r                             0x0800058d   Thumb Code     0  llushr.o(.text)
    __aeabi_lasr                             0x080005ad   Thumb Code    36  llsshr.o(.text)
    _ll_sshift_r                             0x080005ad   Thumb Code     0  llsshr.o(.text)
    __I$use$fp                               0x080005d1   Thumb Code     0  iusefp.o(.text)
    _double_round                            0x080005d1   Thumb Code    30  depilogue.o(.text)
    _double_epilogue                         0x080005ef   Thumb Code   156  depilogue.o(.text)
    __aeabi_d2ulz                            0x0800068b   Thumb Code    48  dfixul.o(.text)
    __scatterload                            0x080006bd   Thumb Code    28  init.o(.text)
    __scatterload_rt2                        0x080006bd   Thumb Code     0  init.o(.text)
    AC_Start                                 0x080006e1   Thumb Code    66  ac.o(i.AC_Start)
    ADC_Cmd                                  0x0800073d   Thumb Code    22  stm32f10x_adc.o(i.ADC_Cmd)
    ADC_DMACmd                               0x08000753   Thumb Code    22  stm32f10x_adc.o(i.ADC_DMACmd)
    ADC_GetCalibrationStatus                 0x08000769   Thumb Code    20  stm32f10x_adc.o(i.ADC_GetCalibrationStatus)
    ADC_GetResetCalibrationStatus            0x0800077d   Thumb Code    20  stm32f10x_adc.o(i.ADC_GetResetCalibrationStatus)
    ADC_Init                                 0x08000791   Thumb Code    70  stm32f10x_adc.o(i.ADC_Init)
    ADC_RegularChannelConfig                 0x080007e1   Thumb Code   184  stm32f10x_adc.o(i.ADC_RegularChannelConfig)
    ADC_ResetCalibration                     0x08000899   Thumb Code    10  stm32f10x_adc.o(i.ADC_ResetCalibration)
    ADC_SoftwareStartConvCmd                 0x080008a3   Thumb Code    22  stm32f10x_adc.o(i.ADC_SoftwareStartConvCmd)
    ADC_StartCalibration                     0x080008b9   Thumb Code    10  stm32f10x_adc.o(i.ADC_StartCalibration)
    AT24_Init                                0x080008c3   Thumb Code     8  at24.o(i.AT24_Init)
    AT24_Recive_Byte                         0x080008cb   Thumb Code    62  at24.o(i.AT24_Recive_Byte)
    AT24_Write_Byte                          0x08000909   Thumb Code    46  at24.o(i.AT24_Write_Byte)
    Adc_DMA_Init                             0x08000939   Thumb Code   244  adc.o(i.Adc_DMA_Init)
    BusFault_Handler                         0x08000a3d   Thumb Code     4  stm32f10x_it.o(i.BusFault_Handler)
    Check_WKUP                               0x08000a41   Thumb Code    74  wkup.o(i.Check_WKUP)
    DHT11_Check                              0x08000a91   Thumb Code    86  dht11.o(i.DHT11_Check)
    DHT11_Mode                               0x08000aed   Thumb Code    46  dht11.o(i.DHT11_Mode)
    DHT11_Read_Bit                           0x08000b21   Thumb Code    82  dht11.o(i.DHT11_Read_Bit)
    DHT11_Read_Byte                          0x08000b79   Thumb Code    32  dht11.o(i.DHT11_Read_Byte)
    DHT11_Read_Data                          0x08000b99   Thumb Code    88  dht11.o(i.DHT11_Read_Data)
    DHT11_Rest                               0x08000bf1   Thumb Code    38  dht11.o(i.DHT11_Rest)
    DHT_Init                                 0x08000c1d   Thumb Code    32  dht11.o(i.DHT_Init)
    DMA_Cmd                                  0x08000c41   Thumb Code    24  stm32f10x_dma.o(i.DMA_Cmd)
    DMA_Init                                 0x08000c59   Thumb Code    60  stm32f10x_dma.o(i.DMA_Init)
    Data_UP                                  0x08000c95   Thumb Code    54  esp8266.o(i.Data_UP)
    DebugMon_Handler                         0x08000d0d   Thumb Code     2  stm32f10x_it.o(i.DebugMon_Handler)
    Delay_ms                                 0x08000d0f   Thumb Code    24  delay.o(i.Delay_ms)
    Delay_us                                 0x08000d27   Thumb Code    46  delay.o(i.Delay_us)
    EXTI_Init                                0x08000d55   Thumb Code   142  stm32f10x_exti.o(i.EXTI_Init)
    GPIO_EXTILineConfig                      0x08000de9   Thumb Code    60  stm32f10x_gpio.o(i.GPIO_EXTILineConfig)
    GPIO_Init                                0x08000e29   Thumb Code   278  stm32f10x_gpio.o(i.GPIO_Init)
    GPIO_ReadInputDataBit                    0x08000f3f   Thumb Code    18  stm32f10x_gpio.o(i.GPIO_ReadInputDataBit)
    GPIO_ResetBits                           0x08000f51   Thumb Code     4  stm32f10x_gpio.o(i.GPIO_ResetBits)
    GPIO_SetBits                             0x08000f55   Thumb Code     4  stm32f10x_gpio.o(i.GPIO_SetBits)
    GPIO_WriteBit                            0x08000f59   Thumb Code    10  stm32f10x_gpio.o(i.GPIO_WriteBit)
    HardFault_Handler                        0x08000f63   Thumb Code     4  stm32f10x_it.o(i.HardFault_Handler)
    IIC_Init                                 0x08000f69   Thumb Code    46  iic.o(i.IIC_Init)
    KEY_Init                                 0x08000f9d   Thumb Code    56  key.o(i.KEY_Init)
    Key_GetNum                               0x08000fdd   Thumb Code    84  key.o(i.Key_GetNum)
    LED2_OFF                                 0x08001035   Thumb Code    12  led.o(i.LED2_OFF)
    LED2_ON                                  0x08001045   Thumb Code    12  led.o(i.LED2_ON)
    LED3_OFF                                 0x08001055   Thumb Code    12  led.o(i.LED3_OFF)
    LED3_ON                                  0x08001065   Thumb Code    12  led.o(i.LED3_ON)
    LED4_OFF                                 0x08001075   Thumb Code    12  led.o(i.LED4_OFF)
    LED4_ON                                  0x08001085   Thumb Code    12  led.o(i.LED4_ON)
    LED5_OFF                                 0x08001095   Thumb Code    14  led.o(i.LED5_OFF)
    LED5_ON                                  0x080010a9   Thumb Code    14  led.o(i.LED5_ON)
    LED_Init                                 0x080010bd   Thumb Code    54  led.o(i.LED_Init)
    Light_LED                                0x080010fd   Thumb Code   128  adc.o(i.Light_LED)
    MC_Start                                 0x0800118d   Thumb Code    66  mc.o(i.MC_Start)
    MemManage_Handler                        0x080011e5   Thumb Code     4  stm32f10x_it.o(i.MemManage_Handler)
    Motor_Start                              0x080011e9   Thumb Code    46  motor.o(i.Motor_Start)
    Motor_Stop                               0x08001217   Thumb Code    16  motor.o(i.Motor_Stop)
    MyI2C_R_SDA                              0x08001229   Thumb Code    22  iic.o(i.MyI2C_R_SDA)
    MyI2C_ReceiveAck                         0x08001245   Thumb Code    30  iic.o(i.MyI2C_ReceiveAck)
    MyI2C_ReceiveByte                        0x08001263   Thumb Code    52  iic.o(i.MyI2C_ReceiveByte)
    MyI2C_SendAck                            0x08001297   Thumb Code    24  iic.o(i.MyI2C_SendAck)
    MyI2C_SendByte                           0x080012af   Thumb Code    42  iic.o(i.MyI2C_SendByte)
    MyI2C_Start                              0x080012d9   Thumb Code    28  iic.o(i.MyI2C_Start)
    MyI2C_Stop                               0x080012f5   Thumb Code    28  iic.o(i.MyI2C_Stop)
    MyI2C_W_SCL                              0x08001311   Thumb Code    22  iic.o(i.MyI2C_W_SCL)
    MyI2C_W_SDA                              0x0800132d   Thumb Code    22  iic.o(i.MyI2C_W_SDA)
    NMI_Handler                              0x08001349   Thumb Code     2  stm32f10x_it.o(i.NMI_Handler)
    NVIC_Init                                0x0800134d   Thumb Code   100  misc.o(i.NVIC_Init)
    NVIC_PriorityGroupConfig                 0x080013bd   Thumb Code    10  misc.o(i.NVIC_PriorityGroupConfig)
    OLED_Clear                               0x080013d1   Thumb Code    36  oled.o(i.OLED_Clear)
    OLED_ClearArea                           0x080013f9   Thumb Code   140  oled.o(i.OLED_ClearArea)
    OLED_GPIO_Init                           0x08001489   Thumb Code   166  oled.o(i.OLED_GPIO_Init)
    OLED_Init                                0x08001539   Thumb Code   154  oled.o(i.OLED_Init)
    OLED_Pow                                 0x080015d3   Thumb Code    20  oled.o(i.OLED_Pow)
    OLED_SPI_SendByte                        0x080015e7   Thumb Code    50  oled.o(i.OLED_SPI_SendByte)
    OLED_SetCursor                           0x08001619   Thumb Code    34  oled.o(i.OLED_SetCursor)
    OLED_ShowChar                            0x0800163d   Thumb Code    74  oled.o(i.OLED_ShowChar)
    OLED_ShowChinese                         0x08001691   Thumb Code   152  oled.o(i.OLED_ShowChinese)
    OLED_ShowImage                           0x08001731   Thumb Code   248  oled.o(i.OLED_ShowImage)
    OLED_ShowNum                             0x0800182d   Thumb Code    76  oled.o(i.OLED_ShowNum)
    OLED_Update                              0x08001879   Thumb Code    36  oled.o(i.OLED_Update)
    OLED_W_CS                                0x080018a1   Thumb Code    18  oled.o(i.OLED_W_CS)
    OLED_W_D0                                0x080018b9   Thumb Code    18  oled.o(i.OLED_W_D0)
    OLED_W_D1                                0x080018d1   Thumb Code    18  oled.o(i.OLED_W_D1)
    OLED_W_DC                                0x080018e9   Thumb Code    18  oled.o(i.OLED_W_DC)
    OLED_W_RES                               0x08001901   Thumb Code    18  oled.o(i.OLED_W_RES)
    OLED_WriteCommand                        0x08001919   Thumb Code    30  oled.o(i.OLED_WriteCommand)
    OLED_WriteData                           0x08001937   Thumb Code    44  oled.o(i.OLED_WriteData)
    PWM_Init                                 0x08001963   Thumb Code     2  motor.o(i.PWM_Init)
    PWM_SetCompare2                          0x08001965   Thumb Code    16  tim.o(i.PWM_SetCompare2)
    PWM_SetCompare3                          0x08001975   Thumb Code     2  tim.o(i.PWM_SetCompare3)
    PWR_EnterSTANDBYMode                     0x08001979   Thumb Code    42  stm32f10x_pwr.o(i.PWR_EnterSTANDBYMode)
    PWR_WakeUpPinCmd                         0x080019ad   Thumb Code     6  stm32f10x_pwr.o(i.PWR_WakeUpPinCmd)
    PendSV_Handler                           0x080019b9   Thumb Code     2  stm32f10x_it.o(i.PendSV_Handler)
    RCC_ADCCLKConfig                         0x080019bd   Thumb Code    18  stm32f10x_rcc.o(i.RCC_ADCCLKConfig)
    RCC_AHBPeriphClockCmd                    0x080019d5   Thumb Code    26  stm32f10x_rcc.o(i.RCC_AHBPeriphClockCmd)
    RCC_APB1PeriphClockCmd                   0x080019f5   Thumb Code    26  stm32f10x_rcc.o(i.RCC_APB1PeriphClockCmd)
    RCC_APB2PeriphClockCmd                   0x08001a15   Thumb Code    26  stm32f10x_rcc.o(i.RCC_APB2PeriphClockCmd)
    RCC_GetClocksFreq                        0x08001a35   Thumb Code   192  stm32f10x_rcc.o(i.RCC_GetClocksFreq)
    SVC_Handler                              0x08001b09   Thumb Code     2  stm32f10x_it.o(i.SVC_Handler)
    SysTick_Handler                          0x08001bf5   Thumb Code     2  stm32f10x_it.o(i.SysTick_Handler)
    Sys_Standby                              0x08001bf7   Thumb Code    22  wkup.o(i.Sys_Standby)
    SystemInit                               0x08001c0d   Thumb Code    78  system_stm32f10x.o(i.SystemInit)
    TIM3_4_Init                              0x08001c6d   Thumb Code   190  tim.o(i.TIM3_4_Init)
    TIM3_IRQHandler                          0x08001d35   Thumb Code    94  tim.o(i.TIM3_IRQHandler)
    TIM4_IRQHandler                          0x08001da5   Thumb Code    38  tim.o(i.TIM4_IRQHandler)
    TIM_ClearFlag                            0x08001dd9   Thumb Code     6  stm32f10x_tim.o(i.TIM_ClearFlag)
    TIM_Cmd                                  0x08001ddf   Thumb Code    24  stm32f10x_tim.o(i.TIM_Cmd)
    TIM_GetITStatus                          0x08001df7   Thumb Code    34  stm32f10x_tim.o(i.TIM_GetITStatus)
    TIM_ITConfig                             0x08001e19   Thumb Code    18  stm32f10x_tim.o(i.TIM_ITConfig)
    TIM_Init                                 0x08001e2d   Thumb Code   146  tim.o(i.TIM_Init)
    TIM_InternalClockConfig                  0x08001ec5   Thumb Code    12  stm32f10x_tim.o(i.TIM_InternalClockConfig)
    TIM_OC2Init                              0x08001ed1   Thumb Code   154  stm32f10x_tim.o(i.TIM_OC2Init)
    TIM_OCStructInit                         0x08001f75   Thumb Code    20  stm32f10x_tim.o(i.TIM_OCStructInit)
    TIM_SetCompare2                          0x08001f89   Thumb Code     4  stm32f10x_tim.o(i.TIM_SetCompare2)
    TIM_TimeBaseInit                         0x08001f8d   Thumb Code   122  stm32f10x_tim.o(i.TIM_TimeBaseInit)
    USART1_IRQHandler                        0x08002031   Thumb Code   346  usart.o(i.USART1_IRQHandler)
    USART3_IRQHandler                        0x080021ad   Thumb Code   352  usart3.o(i.USART3_IRQHandler)
    USART_Cmd                                0x08002331   Thumb Code    24  stm32f10x_usart.o(i.USART_Cmd)
    USART_GetFlagStatus                      0x08002349   Thumb Code    26  stm32f10x_usart.o(i.USART_GetFlagStatus)
    USART_GetITStatus                        0x08002363   Thumb Code    84  stm32f10x_usart.o(i.USART_GetITStatus)
    USART_ITConfig                           0x080023b7   Thumb Code    74  stm32f10x_usart.o(i.USART_ITConfig)
    USART_Init                               0x08002401   Thumb Code   210  stm32f10x_usart.o(i.USART_Init)
    USART_ReceiveData                        0x080024d9   Thumb Code    10  stm32f10x_usart.o(i.USART_ReceiveData)
    USART_SendData                           0x080024e3   Thumb Code     8  stm32f10x_usart.o(i.USART_SendData)
    UsageFault_Handler                       0x080024eb   Thumb Code     4  stm32f10x_it.o(i.UsageFault_Handler)
    Usart3_Init                              0x080024f1   Thumb Code   176  usart3.o(i.Usart3_Init)
    Usart3_SendByte                          0x080025a9   Thumb Code    28  usart3.o(i.Usart3_SendByte)
    Usart3_SendString                        0x080025c9   Thumb Code    26  usart3.o(i.Usart3_SendString)
    Usart_Init                               0x080025e5   Thumb Code   176  usart.o(i.Usart_Init)
    WIFI_Connect                             0x0800269d   Thumb Code    68  esp8266.o(i.WIFI_Connect)
    WKUP_Init                                0x08002769   Thumb Code   106  wkup.o(i.WKUP_Init)
    __0printf                                0x080027d9   Thumb Code    22  printfa.o(i.__0printf)
    __1printf                                0x080027d9   Thumb Code     0  printfa.o(i.__0printf)
    __2printf                                0x080027d9   Thumb Code     0  printfa.o(i.__0printf)
    __c89printf                              0x080027d9   Thumb Code     0  printfa.o(i.__0printf)
    printf                                   0x080027d9   Thumb Code     0  printfa.o(i.__0printf)
    __0vsprintf                              0x080027f9   Thumb Code    30  printfa.o(i.__0vsprintf)
    __1vsprintf                              0x080027f9   Thumb Code     0  printfa.o(i.__0vsprintf)
    __2vsprintf                              0x080027f9   Thumb Code     0  printfa.o(i.__0vsprintf)
    __c89vsprintf                            0x080027f9   Thumb Code     0  printfa.o(i.__0vsprintf)
    vsprintf                                 0x080027f9   Thumb Code     0  printfa.o(i.__0vsprintf)
    __scatterload_copy                       0x0800281d   Thumb Code    14  handlers.o(i.__scatterload_copy)
    __scatterload_null                       0x0800282b   Thumb Code     2  handlers.o(i.__scatterload_null)
    __scatterload_zeroinit                   0x0800282d   Thumb Code    14  handlers.o(i.__scatterload_zeroinit)
    fputc                                    0x080030d1   Thumb Code    24  usart.o(i.fputc)
    main                                     0x080030ed   Thumb Code   126  main.o(i.main)
    u3_printf                                0x08003199   Thumb Code    72  usart3.o(i.u3_printf)
    OLED_F8x16                               0x080031e8   Data        1520  oled_data.o(.constdata)
    OLED_F6x8                                0x080037d8   Data         570  oled_data.o(.constdata)
    OLED_CF16x16                             0x08003a12   Data         665  oled_data.o(.constdata)
    Diode                                    0x08003cab   Data          32  oled_data.o(.constdata)
    Region$$Table$$Base                      0x08003ccc   Number         0  anon$$obj.o(Region$$Table)
    Region$$Table$$Limit                     0x08003cec   Number         0  anon$$obj.o(Region$$Table)
    AD3                                      0x20000014   Data           2  main.o(.data)
    AD4                                      0x20000016   Data           2  main.o(.data)
    T                                        0x20000018   Data           1  main.o(.data)
    DHT                                      0x20000019   Data           1  main.o(.data)
    AC                                       0x2000001a   Data           1  main.o(.data)
    MC                                       0x2000001b   Data           1  main.o(.data)
    AD_Value                                 0x2000001c   Data           4  adc.o(.data)
    KEY                                      0x20000020   Data           1  tim.o(.data)
    t                                        0x20000024   Data           4  tim.o(.data)
    USART_RxData                             0x20000028   Data           1  usart.o(.data)
    USART_RxFlag                             0x20000029   Data           1  usart.o(.data)
    RxData                                   0x2000002a   Data           1  usart.o(.data)
    USART_RX_STA                             0x2000002c   Data           2  usart.o(.data)
    USART3_RxData                            0x2000002e   Data           1  usart3.o(.data)
    USART3_RxFlag                            0x2000002f   Data           1  usart3.o(.data)
    Rx3Data                                  0x20000030   Data           1  usart3.o(.data)
    USART3_RX_STA                            0x20000032   Data           2  usart3.o(.data)
    __stdout                                 0x20000034   Data           4  stdout.o(.data)
    USART_RX_BUF                             0x20000038   Data         200  usart.o(.bss)
    OLED_DisplayBuf                          0x20000100   Data        1024  oled.o(.bss)
    USART3_RX_BUF                            0x20000500   Data         600  usart3.o(.bss)
    USART3_TX_BUF                            0x20000758   Data         600  usart3.o(.bss)
    __initial_sp                             0x20000db0   Data           0  startup_stm32f10x_md.o(STACK)



==============================================================================

Memory Map of the image

  Image Entry point : 0x080000ed

  Load Region LR_IROM1 (Base: 0x08000000, Size: 0x00003d24, Max: 0x00010000, ABSOLUTE)

    Execution Region ER_IROM1 (Exec base: 0x08000000, Load base: 0x08000000, Size: 0x00003cec, Max: 0x00010000, ABSOLUTE)

    Exec Addr    Load Addr    Size         Type   Attr      Idx    E Section Name        Object

    0x08000000   0x08000000   0x000000ec   Data   RO           19    RESET               startup_stm32f10x_md.o
    0x080000ec   0x080000ec   0x00000000   Code   RO         4276  * .ARM.Collect$$$$00000000  mc_w.l(entry.o)
    0x080000ec   0x080000ec   0x00000004   Code   RO         4599    .ARM.Collect$$$$00000001  mc_w.l(entry2.o)
    0x080000f0   0x080000f0   0x00000004   Code   RO         4602    .ARM.Collect$$$$00000004  mc_w.l(entry5.o)
    0x080000f4   0x080000f4   0x00000000   Code   RO         4604    .ARM.Collect$$$$00000008  mc_w.l(entry7b.o)
    0x080000f4   0x080000f4   0x00000000   Code   RO         4606    .ARM.Collect$$$$0000000A  mc_w.l(entry8b.o)
    0x080000f4   0x080000f4   0x00000008   Code   RO         4607    .ARM.Collect$$$$0000000B  mc_w.l(entry9a.o)
    0x080000fc   0x080000fc   0x00000004   Code   RO         4614    .ARM.Collect$$$$0000000E  mc_w.l(entry12b.o)
    0x08000100   0x08000100   0x00000000   Code   RO         4609    .ARM.Collect$$$$0000000F  mc_w.l(entry10a.o)
    0x08000100   0x08000100   0x00000000   Code   RO         4611    .ARM.Collect$$$$00000011  mc_w.l(entry11a.o)
    0x08000100   0x08000100   0x00000004   Code   RO         4600    .ARM.Collect$$$$00002712  mc_w.l(entry2.o)
    0x08000104   0x08000104   0x00000024   Code   RO           20    .text               startup_stm32f10x_md.o
    0x08000128   0x08000128   0x0000000e   Code   RO         4279    .text               mc_w.l(strlen.o)
    0x08000136   0x08000136   0x0000001c   Code   RO         4281    .text               mc_w.l(strcmp.o)
    0x08000152   0x08000152   0x0000014e   Code   RO         4546    .text               mf_w.l(dadd.o)
    0x080002a0   0x080002a0   0x000000e4   Code   RO         4548    .text               mf_w.l(dmul.o)
    0x08000384   0x08000384   0x000000de   Code   RO         4550    .text               mf_w.l(ddiv.o)
    0x08000462   0x08000462   0x0000001a   Code   RO         4558    .text               mf_w.l(dfltui.o)
    0x0800047c   0x0800047c   0x00000032   Code   RO         4562    .text               mf_w.l(dfixui.o)
    0x080004ae   0x080004ae   0x00000002   PAD
    0x080004b0   0x080004b0   0x00000030   Code   RO         4568    .text               mf_w.l(cdrcmple.o)
    0x080004e0   0x080004e0   0x0000002c   Code   RO         4616    .text               mc_w.l(uidiv.o)
    0x0800050c   0x0800050c   0x00000062   Code   RO         4618    .text               mc_w.l(uldiv.o)
    0x0800056e   0x0800056e   0x0000001e   Code   RO         4620    .text               mc_w.l(llshl.o)
    0x0800058c   0x0800058c   0x00000020   Code   RO         4622    .text               mc_w.l(llushr.o)
    0x080005ac   0x080005ac   0x00000024   Code   RO         4624    .text               mc_w.l(llsshr.o)
    0x080005d0   0x080005d0   0x00000000   Code   RO         4633    .text               mc_w.l(iusefp.o)
    0x080005d0   0x080005d0   0x000000ba   Code   RO         4636    .text               mf_w.l(depilogue.o)
    0x0800068a   0x0800068a   0x00000030   Code   RO         4640    .text               mf_w.l(dfixul.o)
    0x080006ba   0x080006ba   0x00000002   PAD
    0x080006bc   0x080006bc   0x00000024   Code   RO         4646    .text               mc_w.l(init.o)
    0x080006e0   0x080006e0   0x0000005c   Code   RO         3509    i.AC_Start          ac.o
    0x0800073c   0x0800073c   0x00000016   Code   RO          202    i.ADC_Cmd           stm32f10x_adc.o
    0x08000752   0x08000752   0x00000016   Code   RO          203    i.ADC_DMACmd        stm32f10x_adc.o
    0x08000768   0x08000768   0x00000014   Code   RO          210    i.ADC_GetCalibrationStatus  stm32f10x_adc.o
    0x0800077c   0x0800077c   0x00000014   Code   RO          216    i.ADC_GetResetCalibrationStatus  stm32f10x_adc.o
    0x08000790   0x08000790   0x00000050   Code   RO          220    i.ADC_Init          stm32f10x_adc.o
    0x080007e0   0x080007e0   0x000000b8   Code   RO          224    i.ADC_RegularChannelConfig  stm32f10x_adc.o
    0x08000898   0x08000898   0x0000000a   Code   RO          225    i.ADC_ResetCalibration  stm32f10x_adc.o
    0x080008a2   0x080008a2   0x00000016   Code   RO          227    i.ADC_SoftwareStartConvCmd  stm32f10x_adc.o
    0x080008b8   0x080008b8   0x0000000a   Code   RO          229    i.ADC_StartCalibration  stm32f10x_adc.o
    0x080008c2   0x080008c2   0x00000008   Code   RO         4147    i.AT24_Init         at24.o
    0x080008ca   0x080008ca   0x0000003e   Code   RO         4148    i.AT24_Recive_Byte  at24.o
    0x08000908   0x08000908   0x0000002e   Code   RO         4149    i.AT24_Write_Byte   at24.o
    0x08000936   0x08000936   0x00000002   PAD
    0x08000938   0x08000938   0x00000104   Code   RO         3464    i.Adc_DMA_Init      adc.o
    0x08000a3c   0x08000a3c   0x00000004   Code   RO         3251    i.BusFault_Handler  stm32f10x_it.o
    0x08000a40   0x08000a40   0x00000050   Code   RO         3706    i.Check_WKUP        wkup.o
    0x08000a90   0x08000a90   0x0000005c   Code   RO         4098    i.DHT11_Check       dht11.o
    0x08000aec   0x08000aec   0x00000034   Code   RO         4099    i.DHT11_Mode        dht11.o
    0x08000b20   0x08000b20   0x00000058   Code   RO         4100    i.DHT11_Read_Bit    dht11.o
    0x08000b78   0x08000b78   0x00000020   Code   RO         4101    i.DHT11_Read_Byte   dht11.o
    0x08000b98   0x08000b98   0x00000058   Code   RO         4102    i.DHT11_Read_Data   dht11.o
    0x08000bf0   0x08000bf0   0x0000002c   Code   RO         4103    i.DHT11_Rest        dht11.o
    0x08000c1c   0x08000c1c   0x00000024   Code   RO         4104    i.DHT_Init          dht11.o
    0x08000c40   0x08000c40   0x00000018   Code   RO          911    i.DMA_Cmd           stm32f10x_dma.o
    0x08000c58   0x08000c58   0x0000003c   Code   RO          917    i.DMA_Init          stm32f10x_dma.o
    0x08000c94   0x08000c94   0x00000078   Code   RO         4179    i.Data_UP           esp8266.o
    0x08000d0c   0x08000d0c   0x00000002   Code   RO         3252    i.DebugMon_Handler  stm32f10x_it.o
    0x08000d0e   0x08000d0e   0x00000018   Code   RO         3196    i.Delay_ms          delay.o
    0x08000d26   0x08000d26   0x0000002e   Code   RO         3198    i.Delay_us          delay.o
    0x08000d54   0x08000d54   0x00000094   Code   RO          990    i.EXTI_Init         stm32f10x_exti.o
    0x08000de8   0x08000de8   0x00000040   Code   RO         1344    i.GPIO_EXTILineConfig  stm32f10x_gpio.o
    0x08000e28   0x08000e28   0x00000116   Code   RO         1347    i.GPIO_Init         stm32f10x_gpio.o
    0x08000f3e   0x08000f3e   0x00000012   Code   RO         1351    i.GPIO_ReadInputDataBit  stm32f10x_gpio.o
    0x08000f50   0x08000f50   0x00000004   Code   RO         1354    i.GPIO_ResetBits    stm32f10x_gpio.o
    0x08000f54   0x08000f54   0x00000004   Code   RO         1355    i.GPIO_SetBits      stm32f10x_gpio.o
    0x08000f58   0x08000f58   0x0000000a   Code   RO         1358    i.GPIO_WriteBit     stm32f10x_gpio.o
    0x08000f62   0x08000f62   0x00000004   Code   RO         3253    i.HardFault_Handler  stm32f10x_it.o
    0x08000f66   0x08000f66   0x00000002   PAD
    0x08000f68   0x08000f68   0x00000034   Code   RO         4005    i.IIC_Init          iic.o
    0x08000f9c   0x08000f9c   0x00000040   Code   RO         3385    i.KEY_Init          key.o
    0x08000fdc   0x08000fdc   0x00000058   Code   RO         3386    i.Key_GetNum        key.o
    0x08001034   0x08001034   0x00000010   Code   RO         3403    i.LED2_OFF          led.o
    0x08001044   0x08001044   0x00000010   Code   RO         3404    i.LED2_ON           led.o
    0x08001054   0x08001054   0x00000010   Code   RO         3405    i.LED3_OFF          led.o
    0x08001064   0x08001064   0x00000010   Code   RO         3406    i.LED3_ON           led.o
    0x08001074   0x08001074   0x00000010   Code   RO         3407    i.LED4_OFF          led.o
    0x08001084   0x08001084   0x00000010   Code   RO         3408    i.LED4_ON           led.o
    0x08001094   0x08001094   0x00000014   Code   RO         3409    i.LED5_OFF          led.o
    0x080010a8   0x080010a8   0x00000014   Code   RO         3410    i.LED5_ON           led.o
    0x080010bc   0x080010bc   0x00000040   Code   RO         3411    i.LED_Init          led.o
    0x080010fc   0x080010fc   0x00000090   Code   RO         3467    i.Light_LED         adc.o
    0x0800118c   0x0800118c   0x00000058   Code   RO         3539    i.MC_Start          mc.o
    0x080011e4   0x080011e4   0x00000004   Code   RO         3254    i.MemManage_Handler  stm32f10x_it.o
    0x080011e8   0x080011e8   0x0000002e   Code   RO         4071    i.Motor_Start       motor.o
    0x08001216   0x08001216   0x00000010   Code   RO         4072    i.Motor_Stop        motor.o
    0x08001226   0x08001226   0x00000002   PAD
    0x08001228   0x08001228   0x0000001c   Code   RO         4006    i.MyI2C_R_SDA       iic.o
    0x08001244   0x08001244   0x0000001e   Code   RO         4007    i.MyI2C_ReceiveAck  iic.o
    0x08001262   0x08001262   0x00000034   Code   RO         4008    i.MyI2C_ReceiveByte  iic.o
    0x08001296   0x08001296   0x00000018   Code   RO         4009    i.MyI2C_SendAck     iic.o
    0x080012ae   0x080012ae   0x0000002a   Code   RO         4010    i.MyI2C_SendByte    iic.o
    0x080012d8   0x080012d8   0x0000001c   Code   RO         4011    i.MyI2C_Start       iic.o
    0x080012f4   0x080012f4   0x0000001c   Code   RO         4012    i.MyI2C_Stop        iic.o
    0x08001310   0x08001310   0x0000001c   Code   RO         4013    i.MyI2C_W_SCL       iic.o
    0x0800132c   0x0800132c   0x0000001c   Code   RO         4014    i.MyI2C_W_SDA       iic.o
    0x08001348   0x08001348   0x00000002   Code   RO         3255    i.NMI_Handler       stm32f10x_it.o
    0x0800134a   0x0800134a   0x00000002   PAD
    0x0800134c   0x0800134c   0x00000070   Code   RO          137    i.NVIC_Init         misc.o
    0x080013bc   0x080013bc   0x00000014   Code   RO          138    i.NVIC_PriorityGroupConfig  misc.o
    0x080013d0   0x080013d0   0x00000028   Code   RO         3742    i.OLED_Clear        oled.o
    0x080013f8   0x080013f8   0x00000090   Code   RO         3743    i.OLED_ClearArea    oled.o
    0x08001488   0x08001488   0x000000b0   Code   RO         3751    i.OLED_GPIO_Init    oled.o
    0x08001538   0x08001538   0x0000009a   Code   RO         3753    i.OLED_Init         oled.o
    0x080015d2   0x080015d2   0x00000014   Code   RO         3755    i.OLED_Pow          oled.o
    0x080015e6   0x080015e6   0x00000032   Code   RO         3759    i.OLED_SPI_SendByte  oled.o
    0x08001618   0x08001618   0x00000022   Code   RO         3760    i.OLED_SetCursor    oled.o
    0x0800163a   0x0800163a   0x00000002   PAD
    0x0800163c   0x0800163c   0x00000054   Code   RO         3762    i.OLED_ShowChar     oled.o
    0x08001690   0x08001690   0x000000a0   Code   RO         3763    i.OLED_ShowChinese  oled.o
    0x08001730   0x08001730   0x000000fc   Code   RO         3766    i.OLED_ShowImage    oled.o
    0x0800182c   0x0800182c   0x0000004c   Code   RO         3767    i.OLED_ShowNum      oled.o
    0x08001878   0x08001878   0x00000028   Code   RO         3770    i.OLED_Update       oled.o
    0x080018a0   0x080018a0   0x00000018   Code   RO         3772    i.OLED_W_CS         oled.o
    0x080018b8   0x080018b8   0x00000018   Code   RO         3773    i.OLED_W_D0         oled.o
    0x080018d0   0x080018d0   0x00000018   Code   RO         3774    i.OLED_W_D1         oled.o
    0x080018e8   0x080018e8   0x00000018   Code   RO         3775    i.OLED_W_DC         oled.o
    0x08001900   0x08001900   0x00000018   Code   RO         3776    i.OLED_W_RES        oled.o
    0x08001918   0x08001918   0x0000001e   Code   RO         3777    i.OLED_WriteCommand  oled.o
    0x08001936   0x08001936   0x0000002c   Code   RO         3778    i.OLED_WriteData    oled.o
    0x08001962   0x08001962   0x00000002   Code   RO         4073    i.PWM_Init          motor.o
    0x08001964   0x08001964   0x00000010   Code   RO         3559    i.PWM_SetCompare2   tim.o
    0x08001974   0x08001974   0x00000002   Code   RO         3560    i.PWM_SetCompare3   tim.o
    0x08001976   0x08001976   0x00000002   PAD
    0x08001978   0x08001978   0x00000034   Code   RO         1713    i.PWR_EnterSTANDBYMode  stm32f10x_pwr.o
    0x080019ac   0x080019ac   0x0000000c   Code   RO         1718    i.PWR_WakeUpPinCmd  stm32f10x_pwr.o
    0x080019b8   0x080019b8   0x00000002   Code   RO         3256    i.PendSV_Handler    stm32f10x_it.o
    0x080019ba   0x080019ba   0x00000002   PAD
    0x080019bc   0x080019bc   0x00000018   Code   RO         1773    i.RCC_ADCCLKConfig  stm32f10x_rcc.o
    0x080019d4   0x080019d4   0x00000020   Code   RO         1774    i.RCC_AHBPeriphClockCmd  stm32f10x_rcc.o
    0x080019f4   0x080019f4   0x00000020   Code   RO         1775    i.RCC_APB1PeriphClockCmd  stm32f10x_rcc.o
    0x08001a14   0x08001a14   0x00000020   Code   RO         1777    i.RCC_APB2PeriphClockCmd  stm32f10x_rcc.o
    0x08001a34   0x08001a34   0x000000d4   Code   RO         1785    i.RCC_GetClocksFreq  stm32f10x_rcc.o
    0x08001b08   0x08001b08   0x00000002   Code   RO         3257    i.SVC_Handler       stm32f10x_it.o
    0x08001b0a   0x08001b0a   0x00000008   Code   RO           24    i.SetSysClock       system_stm32f10x.o
    0x08001b12   0x08001b12   0x00000002   PAD
    0x08001b14   0x08001b14   0x000000e0   Code   RO           25    i.SetSysClockTo72   system_stm32f10x.o
    0x08001bf4   0x08001bf4   0x00000002   Code   RO         3258    i.SysTick_Handler   stm32f10x_it.o
    0x08001bf6   0x08001bf6   0x00000016   Code   RO         3709    i.Sys_Standby       wkup.o
    0x08001c0c   0x08001c0c   0x00000060   Code   RO           27    i.SystemInit        system_stm32f10x.o
    0x08001c6c   0x08001c6c   0x000000c8   Code   RO         3561    i.TIM3_4_Init       tim.o
    0x08001d34   0x08001d34   0x00000070   Code   RO         3562    i.TIM3_IRQHandler   tim.o
    0x08001da4   0x08001da4   0x00000034   Code   RO         3563    i.TIM4_IRQHandler   tim.o
    0x08001dd8   0x08001dd8   0x00000006   Code   RO         2415    i.TIM_ClearFlag     stm32f10x_tim.o
    0x08001dde   0x08001dde   0x00000018   Code   RO         2421    i.TIM_Cmd           stm32f10x_tim.o
    0x08001df6   0x08001df6   0x00000022   Code   RO         2442    i.TIM_GetITStatus   stm32f10x_tim.o
    0x08001e18   0x08001e18   0x00000012   Code   RO         2446    i.TIM_ITConfig      stm32f10x_tim.o
    0x08001e2a   0x08001e2a   0x00000002   PAD
    0x08001e2c   0x08001e2c   0x00000098   Code   RO         3564    i.TIM_Init          tim.o
    0x08001ec4   0x08001ec4   0x0000000c   Code   RO         2448    i.TIM_InternalClockConfig  stm32f10x_tim.o
    0x08001ed0   0x08001ed0   0x000000a4   Code   RO         2455    i.TIM_OC2Init       stm32f10x_tim.o
    0x08001f74   0x08001f74   0x00000014   Code   RO         2468    i.TIM_OCStructInit  stm32f10x_tim.o
    0x08001f88   0x08001f88   0x00000004   Code   RO         2483    i.TIM_SetCompare2   stm32f10x_tim.o
    0x08001f8c   0x08001f8c   0x000000a4   Code   RO         2492    i.TIM_TimeBaseInit  stm32f10x_tim.o
    0x08002030   0x08002030   0x0000017c   Code   RO         3617    i.USART1_IRQHandler  usart.o
    0x080021ac   0x080021ac   0x00000184   Code   RO         4203    i.USART3_IRQHandler  usart3.o
    0x08002330   0x08002330   0x00000018   Code   RO         2960    i.USART_Cmd         stm32f10x_usart.o
    0x08002348   0x08002348   0x0000001a   Code   RO         2963    i.USART_GetFlagStatus  stm32f10x_usart.o
    0x08002362   0x08002362   0x00000054   Code   RO         2964    i.USART_GetITStatus  stm32f10x_usart.o
    0x080023b6   0x080023b6   0x0000004a   Code   RO         2966    i.USART_ITConfig    stm32f10x_usart.o
    0x08002400   0x08002400   0x000000d8   Code   RO         2967    i.USART_Init        stm32f10x_usart.o
    0x080024d8   0x080024d8   0x0000000a   Code   RO         2974    i.USART_ReceiveData  stm32f10x_usart.o
    0x080024e2   0x080024e2   0x00000008   Code   RO         2977    i.USART_SendData    stm32f10x_usart.o
    0x080024ea   0x080024ea   0x00000004   Code   RO         3259    i.UsageFault_Handler  stm32f10x_it.o
    0x080024ee   0x080024ee   0x00000002   PAD
    0x080024f0   0x080024f0   0x000000b8   Code   RO         4204    i.Usart3_Init       usart3.o
    0x080025a8   0x080025a8   0x00000020   Code   RO         4206    i.Usart3_SendByte   usart3.o
    0x080025c8   0x080025c8   0x0000001a   Code   RO         4207    i.Usart3_SendString  usart3.o
    0x080025e2   0x080025e2   0x00000002   PAD
    0x080025e4   0x080025e4   0x000000b8   Code   RO         3620    i.Usart_Init        usart.o
    0x0800269c   0x0800269c   0x000000cc   Code   RO         4180    i.WIFI_Connect      esp8266.o
    0x08002768   0x08002768   0x00000070   Code   RO         3710    i.WKUP_Init         wkup.o
    0x080027d8   0x080027d8   0x00000020   Code   RO         4516    i.__0printf         mc_w.l(printfa.o)
    0x080027f8   0x080027f8   0x00000024   Code   RO         4522    i.__0vsprintf       mc_w.l(printfa.o)
    0x0800281c   0x0800281c   0x0000000e   Code   RO         4652    i.__scatterload_copy  mc_w.l(handlers.o)
    0x0800282a   0x0800282a   0x00000002   Code   RO         4653    i.__scatterload_null  mc_w.l(handlers.o)
    0x0800282c   0x0800282c   0x0000000e   Code   RO         4654    i.__scatterload_zeroinit  mc_w.l(handlers.o)
    0x0800283a   0x0800283a   0x00000002   PAD
    0x0800283c   0x0800283c   0x00000184   Code   RO         4523    i._fp_digits        mc_w.l(printfa.o)
    0x080029c0   0x080029c0   0x000006b4   Code   RO         4524    i._printf_core      mc_w.l(printfa.o)
    0x08003074   0x08003074   0x00000024   Code   RO         4525    i._printf_post_padding  mc_w.l(printfa.o)
    0x08003098   0x08003098   0x0000002e   Code   RO         4526    i._printf_pre_padding  mc_w.l(printfa.o)
    0x080030c6   0x080030c6   0x0000000a   Code   RO         4528    i._sputc            mc_w.l(printfa.o)
    0x080030d0   0x080030d0   0x0000001c   Code   RO         3624    i.fputc             usart.o
    0x080030ec   0x080030ec   0x000000ac   Code   RO         3314    i.main              main.o
    0x08003198   0x08003198   0x00000050   Code   RO         4208    i.u3_printf         usart3.o
    0x080031e8   0x080031e8   0x00000ae3   Data   RO         3993    .constdata          oled_data.o
    0x08003ccb   0x08003ccb   0x00000001   PAD
    0x08003ccc   0x08003ccc   0x00000020   Data   RO         4650    Region$$Table       anon$$obj.o


    Execution Region RW_IRAM1 (Exec base: 0x20000000, Load base: 0x08003cec, Size: 0x00000db0, Max: 0x00005000, ABSOLUTE)

    Exec Addr    Load Addr    Size         Type   Attr      Idx    E Section Name        Object

    0x20000000   0x08003cec   0x00000014   Data   RW         1805    .data               stm32f10x_rcc.o
    0x20000014   0x08003d00   0x00000008   Data   RW         3315    .data               main.o
    0x2000001c   0x08003d08   0x00000004   Data   RW         3468    .data               adc.o
    0x20000020   0x08003d0c   0x00000008   Data   RW         3565    .data               tim.o
    0x20000028   0x08003d14   0x00000006   Data   RW         3626    .data               usart.o
    0x2000002e   0x08003d1a   0x00000006   Data   RW         4210    .data               usart3.o
    0x20000034   0x08003d20   0x00000004   Data   RW         4615    .data               mc_w.l(stdout.o)
    0x20000038        -       0x000000c8   Zero   RW         3625    .bss                usart.o
    0x20000100        -       0x00000400   Zero   RW         3780    .bss                oled.o
    0x20000500        -       0x000004b0   Zero   RW         4209    .bss                usart3.o
    0x200009b0        -       0x00000400   Zero   RW           17    STACK               startup_stm32f10x_md.o


==============================================================================

Image component sizes


      Code (inc. data)   RO Data    RW Data    ZI Data      Debug   Object Name

        92         26          0          0          0        495   ac.o
       404         32          0          4          0       1694   adc.o
       116          0          0          0          0       1529   at24.o
         0          0          0          0          0       4540   core_cm3.o
        70          0          0          0          0        906   delay.o
       432         28          0          0          0       4072   dht11.o
       324        202          0          0          0        901   esp8266.o
       340         24          0          0          0       4728   iic.o
       152         12          0          0          0        968   key.o
       200         46          0          0          0       3743   led.o
       172         46          0          8          0        789   main.o
        88         22          0          0          0        551   mc.o
       132         22          0          0          0     215859   misc.o
        64          0          0          0          0       1314   motor.o
      1424         74          0          0       1024      11908   oled.o
         0          0       2787          0          0       1066   oled_data.o
        36          8        236          0       1024        776   startup_stm32f10x_md.o
       390         10          0          0          0      17601   stm32f10x_adc.o
        84          0          0          0          0      12421   stm32f10x_dma.o
       148          6          0          0          0       3008   stm32f10x_exti.o
       378          4          0          0          0      12846   stm32f10x_gpio.o
        26          0          0          0          0       3666   stm32f10x_it.o
        64         16          0          0          0        906   stm32f10x_pwr.o
       332         44          0         20          0      13953   stm32f10x_rcc.o
       446         52          0          0          0      25683   stm32f10x_tim.o
       442          6          0          0          0      11797   stm32f10x_usart.o
       328         28          0          0          0      54941   system_stm32f10x.o
       534         48          0          8          0       3233   tim.o
       592         46          0          6        200       3882   usart.o
       710         56          0          6       1200       3864   usart3.o
       214         12          0          0          0       1547   wkup.o

    ----------------------------------------------------------------------
      8756        870       3056         52       3448     425187   Object Totals
         0          0         32          0          0          0   (incl. Generated)
        22          0          1          0          0          0   (incl. Padding)

    ----------------------------------------------------------------------

      Code (inc. data)   RO Data    RW Data    ZI Data      Debug   Library Member Name

         0          0          0          0          0          0   entry.o
         0          0          0          0          0          0   entry10a.o
         0          0          0          0          0          0   entry11a.o
         4          0          0          0          0          0   entry12b.o
         8          4          0          0          0          0   entry2.o
         4          0          0          0          0          0   entry5.o
         0          0          0          0          0          0   entry7b.o
         0          0          0          0          0          0   entry8b.o
         8          4          0          0          0          0   entry9a.o
        30          0          0          0          0          0   handlers.o
        36          8          0          0          0         68   init.o
         0          0          0          0          0          0   iusefp.o
        30          0          0          0          0         68   llshl.o
        36          0          0          0          0         68   llsshr.o
        32          0          0          0          0         68   llushr.o
      2264         96          0          0          0        612   printfa.o
         0          0          0          4          0          0   stdout.o
        28          0          0          0          0         76   strcmp.o
        14          0          0          0          0         68   strlen.o
        44          0          0          0          0         80   uidiv.o
        98          0          0          0          0         92   uldiv.o
        48          0          0          0          0         68   cdrcmple.o
       334          0          0          0          0        148   dadd.o
       222          0          0          0          0        100   ddiv.o
       186          0          0          0          0        176   depilogue.o
        50          0          0          0          0         76   dfixui.o
        48          0          0          0          0         68   dfixul.o
        26          0          0          0          0         76   dfltui.o
       228          0          0          0          0         96   dmul.o

    ----------------------------------------------------------------------
      3784        112          0          4          0       2008   Library Totals
         6          0          0          0          0          0   (incl. Padding)

    ----------------------------------------------------------------------

      Code (inc. data)   RO Data    RW Data    ZI Data      Debug   Library Name

      2636        112          0          4          0       1200   mc_w.l
      1142          0          0          0          0        808   mf_w.l

    ----------------------------------------------------------------------
      3784        112          0          4          0       2008   Library Totals

    ----------------------------------------------------------------------

==============================================================================


      Code (inc. data)   RO Data    RW Data    ZI Data      Debug   

     12540        982       3056         56       3448     419547   Grand Totals
     12540        982       3056         56       3448     419547   ELF Image Totals
     12540        982       3056         56          0          0   ROM Totals

==============================================================================

    Total RO  Size (Code + RO Data)                15596 (  15.23kB)
    Total RW  Size (RW Data + ZI Data)              3504 (   3.42kB)
    Total ROM Size (Code + RO Data + RW Data)      15652 (  15.29kB)

==============================================================================

